0 verbose cli C:\Program Files\nodejs\node.exe C:\Users\Karthik\AppData\Roaming\npm\node_modules\npm\bin\npm-cli.js
1 info using npm@10.9.2
2 info using node@v22.12.0
3 silly config load:file:C:\Users\Karthik\AppData\Roaming\npm\node_modules\npm\npmrc
4 silly config load:file:E:\smartparkingcopy\backend\.npmrc
5 silly config load:file:C:\Users\Karthik\.npmrc
6 silly config load:file:C:\Users\Karthik\AppData\Roaming\npm\etc\npmrc
7 verbose title npm install
8 verbose argv "install" "--cache" "e:\\smartparkingcopy\\.npm-cache"
9 verbose logfile logs-max:10 dir:e:\smartparkingcopy\.npm-cache\_logs\2026-04-09T11_21_00_739Z-
10 verbose logfile e:\smartparkingcopy\.npm-cache\_logs\2026-04-09T11_21_00_739Z-debug-0.log
11 silly logfile done cleaning log files
12 silly packumentCache heap:2197815296 maxSize:549453824 maxEntrySize:274726912
13 silly idealTree buildDeps
14 verbose shrinkwrap failed to load node_modules/.package-lock.json out of date, updated: node_modules
15 silly reify mark retired [ 'E:\\smartparkingcopy\\backend\\node_modules\\accepts' ]
16 silly reify mark retired [ 'E:\\smartparkingcopy\\backend\\node_modules\\anymatch' ]
17 silly reify mark retired [ 'E:\\smartparkingcopy\\backend\\node_modules\\asynckit' ]
18 silly reify mark retired [ 'E:\\smartparkingcopy\\backend\\node_modules\\axios' ]
19 silly reify mark retired [ 'E:\\smartparkingcopy\\backend\\node_modules\\binary-extensions' ]
20 silly reify mark retired [ 'E:\\smartparkingcopy\\backend\\node_modules\\body-parser' ]
21 silly reify mark retired [ 'E:\\smartparkingcopy\\backend\\node_modules\\braces' ]
22 silly reify mark retired [ 'E:\\smartparkingcopy\\backend\\node_modules\\bson' ]
23 silly reify mark retired [ 'E:\\smartparkingcopy\\backend\\node_modules\\bytes' ]
24 silly reify mark retired [
24 silly reify   'E:\\smartparkingcopy\\backend\\node_modules\\call-bind-apply-helpers'
24 silly reify ]
25 silly reify mark retired [ 'E:\\smartparkingcopy\\backend\\node_modules\\call-bound' ]
26 silly reify mark retired [ 'E:\\smartparkingcopy\\backend\\node_modules\\chokidar' ]
27 silly reify mark retired [ 'E:\\smartparkingcopy\\backend\\node_modules\\combined-stream' ]
28 silly reify mark retired [ 'E:\\smartparkingcopy\\backend\\node_modules\\content-disposition' ]
29 silly reify mark retired [ 'E:\\smartparkingcopy\\backend\\node_modules\\content-type' ]
30 silly reify mark retired [ 'E:\\smartparkingcopy\\backend\\node_modules\\cookie' ]
31 silly reify mark retired [ 'E:\\smartparkingcopy\\backend\\node_modules\\cookie-signature' ]
32 silly reify mark retired [ 'E:\\smartparkingcopy\\backend\\node_modules\\cors' ]
33 silly reify mark retired [ 'E:\\smartparkingcopy\\backend\\node_modules\\debug' ]
34 silly reify mark retired [ 'E:\\smartparkingcopy\\backend\\node_modules\\delayed-stream' ]
35 silly reify mark retired [ 'E:\\smartparkingcopy\\backend\\node_modules\\depd' ]
36 silly reify mark retired [ 'E:\\smartparkingcopy\\backend\\node_modules\\dotenv' ]
37 silly reify mark retired [ 'E:\\smartparkingcopy\\backend\\node_modules\\dunder-proto' ]
38 silly reify mark retired [ 'E:\\smartparkingcopy\\backend\\node_modules\\ee-first' ]
39 silly reify mark retired [ 'E:\\smartparkingcopy\\backend\\node_modules\\encodeurl' ]
40 silly reify mark retired [ 'E:\\smartparkingcopy\\backend\\node_modules\\es-define-property' ]
41 silly reify mark retired [ 'E:\\smartparkingcopy\\backend\\node_modules\\es-errors' ]
42 silly reify mark retired [ 'E:\\smartparkingcopy\\backend\\node_modules\\es-object-atoms' ]
43 silly reify mark retired [ 'E:\\smartparkingcopy\\backend\\node_modules\\es-set-tostringtag' ]
44 silly reify mark retired [ 'E:\\smartparkingcopy\\backend\\node_modules\\escape-html' ]
45 silly reify mark retired [ 'E:\\smartparkingcopy\\backend\\node_modules\\etag' ]
46 silly reify mark retired [ 'E:\\smartparkingcopy\\backend\\node_modules\\express' ]
47 silly reify mark retired [ 'E:\\smartparkingcopy\\backend\\node_modules\\fill-range' ]
48 silly reify mark retired [ 'E:\\smartparkingcopy\\backend\\node_modules\\finalhandler' ]
49 silly reify mark retired [ 'E:\\smartparkingcopy\\backend\\node_modules\\follow-redirects' ]
50 silly reify mark retired [ 'E:\\smartparkingcopy\\backend\\node_modules\\form-data' ]
51 silly reify mark retired [ 'E:\\smartparkingcopy\\backend\\node_modules\\forwarded' ]
52 silly reify mark retired [ 'E:\\smartparkingcopy\\backend\\node_modules\\fresh' ]
53 silly reify mark retired [ 'E:\\smartparkingcopy\\backend\\node_modules\\fsevents' ]
54 silly reify mark retired [ 'E:\\smartparkingcopy\\backend\\node_modules\\function-bind' ]
55 silly reify mark retired [ 'E:\\smartparkingcopy\\backend\\node_modules\\get-intrinsic' ]
56 silly reify mark retired [ 'E:\\smartparkingcopy\\backend\\node_modules\\get-proto' ]
57 silly reify mark retired [ 'E:\\smartparkingcopy\\backend\\node_modules\\glob-parent' ]
58 silly reify mark retired [ 'E:\\smartparkingcopy\\backend\\node_modules\\gopd' ]
59 silly reify mark retired [ 'E:\\smartparkingcopy\\backend\\node_modules\\has-symbols' ]
60 silly reify mark retired [ 'E:\\smartparkingcopy\\backend\\node_modules\\has-tostringtag' ]
61 silly reify mark retired [ 'E:\\smartparkingcopy\\backend\\node_modules\\hasown' ]
62 silly reify mark retired [ 'E:\\smartparkingcopy\\backend\\node_modules\\http-errors' ]
63 silly reify mark retired [ 'E:\\smartparkingcopy\\backend\\node_modules\\iconv-lite' ]
64 silly reify mark retired [ 'E:\\smartparkingcopy\\backend\\node_modules\\ignore-by-default' ]
65 silly reify mark retired [ 'E:\\smartparkingcopy\\backend\\node_modules\\inherits' ]
66 silly reify mark retired [ 'E:\\smartparkingcopy\\backend\\node_modules\\ipaddr.js' ]
67 silly reify mark retired [ 'E:\\smartparkingcopy\\backend\\node_modules\\is-binary-path' ]
68 silly reify mark retired [ 'E:\\smartparkingcopy\\backend\\node_modules\\is-extglob' ]
69 silly reify mark retired [ 'E:\\smartparkingcopy\\backend\\node_modules\\is-glob' ]
70 silly reify mark retired [ 'E:\\smartparkingcopy\\backend\\node_modules\\is-number' ]
71 silly reify mark retired [ 'E:\\smartparkingcopy\\backend\\node_modules\\is-promise' ]
72 silly reify mark retired [ 'E:\\smartparkingcopy\\backend\\node_modules\\kareem' ]
73 silly reify mark retired [ 'E:\\smartparkingcopy\\backend\\node_modules\\math-intrinsics' ]
74 silly reify mark retired [ 'E:\\smartparkingcopy\\backend\\node_modules\\media-typer' ]
75 silly reify mark retired [ 'E:\\smartparkingcopy\\backend\\node_modules\\memory-pager' ]
76 silly reify mark retired [ 'E:\\smartparkingcopy\\backend\\node_modules\\merge-descriptors' ]
77 silly reify mark retired [ 'E:\\smartparkingcopy\\backend\\node_modules\\mime-db' ]
78 silly reify mark retired [ 'E:\\smartparkingcopy\\backend\\node_modules\\mime-types' ]
79 silly reify mark retired [ 'E:\\smartparkingcopy\\backend\\node_modules\\mongodb' ]
80 silly reify mark retired [
80 silly reify   'E:\\smartparkingcopy\\backend\\node_modules\\mongodb-connection-string-url'
80 silly reify ]
81 silly reify mark retired [ 'E:\\smartparkingcopy\\backend\\node_modules\\mongoose' ]
82 silly reify mark retired [ 'E:\\smartparkingcopy\\backend\\node_modules\\mpath' ]
83 silly reify mark retired [ 'E:\\smartparkingcopy\\backend\\node_modules\\mquery' ]
84 silly reify mark retired [ 'E:\\smartparkingcopy\\backend\\node_modules\\ms' ]
85 silly reify mark retired [ 'E:\\smartparkingcopy\\backend\\node_modules\\negotiator' ]
86 silly reify mark retired [ 'E:\\smartparkingcopy\\backend\\node_modules\\nodemon' ]
87 silly reify mark retired [ 'E:\\smartparkingcopy\\backend\\node_modules\\normalize-path' ]
88 silly reify mark retired [ 'E:\\smartparkingcopy\\backend\\node_modules\\object-assign' ]
89 silly reify mark retired [ 'E:\\smartparkingcopy\\backend\\node_modules\\object-inspect' ]
90 silly reify mark retired [ 'E:\\smartparkingcopy\\backend\\node_modules\\on-finished' ]
91 silly reify mark retired [ 'E:\\smartparkingcopy\\backend\\node_modules\\once' ]
92 silly reify mark retired [ 'E:\\smartparkingcopy\\backend\\node_modules\\parseurl' ]
93 silly reify mark retired [ 'E:\\smartparkingcopy\\backend\\node_modules\\path-to-regexp' ]
94 silly reify mark retired [ 'E:\\smartparkingcopy\\backend\\node_modules\\picomatch' ]
95 silly reify mark retired [ 'E:\\smartparkingcopy\\backend\\node_modules\\proxy-addr' ]
96 silly reify mark retired [ 'E:\\smartparkingcopy\\backend\\node_modules\\proxy-from-env' ]
97 silly reify mark retired [ 'E:\\smartparkingcopy\\backend\\node_modules\\pstree.remy' ]
98 silly reify mark retired [ 'E:\\smartparkingcopy\\backend\\node_modules\\punycode' ]
99 silly reify mark retired [ 'E:\\smartparkingcopy\\backend\\node_modules\\qs' ]
100 silly reify mark retired [ 'E:\\smartparkingcopy\\backend\\node_modules\\range-parser' ]
101 silly reify mark retired [ 'E:\\smartparkingcopy\\backend\\node_modules\\raw-body' ]
102 silly reify mark retired [ 'E:\\smartparkingcopy\\backend\\node_modules\\razorpay' ]
103 silly reify mark retired [ 'E:\\smartparkingcopy\\backend\\node_modules\\readdirp' ]
104 silly reify mark retired [ 'E:\\smartparkingcopy\\backend\\node_modules\\router' ]
105 silly reify mark retired [ 'E:\\smartparkingcopy\\backend\\node_modules\\safer-buffer' ]
106 silly reify mark retired [ 'E:\\smartparkingcopy\\backend\\node_modules\\semver' ]
107 silly reify mark retired [ 'E:\\smartparkingcopy\\backend\\node_modules\\send' ]
108 silly reify mark retired [ 'E:\\smartparkingcopy\\backend\\node_modules\\serve-static' ]
109 silly reify mark retired [ 'E:\\smartparkingcopy\\backend\\node_modules\\setprototypeof' ]
110 silly reify mark retired [ 'E:\\smartparkingcopy\\backend\\node_modules\\side-channel' ]
111 silly reify mark retired [ 'E:\\smartparkingcopy\\backend\\node_modules\\side-channel-list' ]
112 silly reify mark retired [ 'E:\\smartparkingcopy\\backend\\node_modules\\side-channel-map' ]
113 silly reify mark retired [ 'E:\\smartparkingcopy\\backend\\node_modules\\side-channel-weakmap' ]
114 silly reify mark retired [ 'E:\\smartparkingcopy\\backend\\node_modules\\sift' ]
115 silly reify mark retired [
115 silly reify   'E:\\smartparkingcopy\\backend\\node_modules\\simple-update-notifier'
115 silly reify ]
116 silly reify mark retired [ 'E:\\smartparkingcopy\\backend\\node_modules\\sparse-bitfield' ]
117 silly reify mark retired [ 'E:\\smartparkingcopy\\backend\\node_modules\\statuses' ]
118 silly reify mark retired [ 'E:\\smartparkingcopy\\backend\\node_modules\\to-regex-range' ]
119 silly reify mark retired [ 'E:\\smartparkingcopy\\backend\\node_modules\\toidentifier' ]
120 silly reify mark retired [ 'E:\\smartparkingcopy\\backend\\node_modules\\touch' ]
121 silly reify mark retired [ 'E:\\smartparkingcopy\\backend\\node_modules\\tr46' ]
122 silly reify mark retired [ 'E:\\smartparkingcopy\\backend\\node_modules\\type-is' ]
123 silly reify mark retired [ 'E:\\smartparkingcopy\\backend\\node_modules\\undefsafe' ]
124 silly reify mark retired [ 'E:\\smartparkingcopy\\backend\\node_modules\\unpipe' ]
125 silly reify mark retired [ 'E:\\smartparkingcopy\\backend\\node_modules\\vary' ]
126 silly reify mark retired [ 'E:\\smartparkingcopy\\backend\\node_modules\\webidl-conversions' ]
127 silly reify mark retired [ 'E:\\smartparkingcopy\\backend\\node_modules\\whatwg-url' ]
128 silly reify mark retired [ 'E:\\smartparkingcopy\\backend\\node_modules\\wrappy' ]
129 silly reify mark retired [
129 silly reify   'E:\\smartparkingcopy\\backend\\node_modules\\@mongodb-js\\saslprep'
129 silly reify ]
130 silly reify mark retired [
130 silly reify   'E:\\smartparkingcopy\\backend\\node_modules\\@types\\webidl-conversions'
130 silly reify ]
131 silly reify mark retired [ 'E:\\smartparkingcopy\\backend\\node_modules\\@types\\whatwg-url' ]
132 silly reify moves {
132 silly reify   'E:\\smartparkingcopy\\backend\\node_modules\\accepts': 'E:\\smartparkingcopy\\backend\\node_modules\\.accepts-kQBnZwwW',
132 silly reify   'E:\\smartparkingcopy\\backend\\node_modules\\anymatch': 'E:\\smartparkingcopy\\backend\\node_modules\\.anymatch-Fc6xZKtM',
132 silly reify   'E:\\smartparkingcopy\\backend\\node_modules\\asynckit': 'E:\\smartparkingcopy\\backend\\node_modules\\.asynckit-0Jj4LvlI',
132 silly reify   'E:\\smartparkingcopy\\backend\\node_modules\\axios': 'E:\\smartparkingcopy\\backend\\node_modules\\.axios-8eS3Hzkw',
132 silly reify   'E:\\smartparkingcopy\\backend\\node_modules\\binary-extensions': 'E:\\smartparkingcopy\\backend\\node_modules\\.binary-extensions-e4Lyghbt',
132 silly reify   'E:\\smartparkingcopy\\backend\\node_modules\\body-parser': 'E:\\smartparkingcopy\\backend\\node_modules\\.body-parser-5rKJvY1P',
132 silly reify   'E:\\smartparkingcopy\\backend\\node_modules\\braces': 'E:\\smartparkingcopy\\backend\\node_modules\\.braces-qwrkfYUK',
132 silly reify   'E:\\smartparkingcopy\\backend\\node_modules\\bson': 'E:\\smartparkingcopy\\backend\\node_modules\\.bson-fzleU7w5',
132 silly reify   'E:\\smartparkingcopy\\backend\\node_modules\\bytes': 'E:\\smartparkingcopy\\backend\\node_modules\\.bytes-Fuhy3QF2',
132 silly reify   'E:\\smartparkingcopy\\backend\\node_modules\\call-bind-apply-helpers': 'E:\\smartparkingcopy\\backend\\node_modules\\.call-bind-apply-helpers-xmqqQbkN',
132 silly reify   'E:\\smartparkingcopy\\backend\\node_modules\\call-bound': 'E:\\smartparkingcopy\\backend\\node_modules\\.call-bound-0htRMldT',
132 silly reify   'E:\\smartparkingcopy\\backend\\node_modules\\chokidar': 'E:\\smartparkingcopy\\backend\\node_modules\\.chokidar-P9I7DtAc',
132 silly reify   'E:\\smartparkingcopy\\backend\\node_modules\\combined-stream': 'E:\\smartparkingcopy\\backend\\node_modules\\.combined-stream-emWyahEx',
132 silly reify   'E:\\smartparkingcopy\\backend\\node_modules\\content-disposition': 'E:\\smartparkingcopy\\backend\\node_modules\\.content-disposition-Z6UWHpLR',
132 silly reify   'E:\\smartparkingcopy\\backend\\node_modules\\content-type': 'E:\\smartparkingcopy\\backend\\node_modules\\.content-type-RfrH2ljG',
132 silly reify   'E:\\smartparkingcopy\\backend\\node_modules\\cookie': 'E:\\smartparkingcopy\\backend\\node_modules\\.cookie-GpITYdTV',
132 silly reify   'E:\\smartparkingcopy\\backend\\node_modules\\cookie-signature': 'E:\\smartparkingcopy\\backend\\node_modules\\.cookie-signature-uYlYz89C',
132 silly reify   'E:\\smartparkingcopy\\backend\\node_modules\\cors': 'E:\\smartparkingcopy\\backend\\node_modules\\.cors-mlZx0gyl',
132 silly reify   'E:\\smartparkingcopy\\backend\\node_modules\\debug': 'E:\\smartparkingcopy\\backend\\node_modules\\.debug-hwXRgJwI',
132 silly reify   'E:\\smartparkingcopy\\backend\\node_modules\\delayed-stream': 'E:\\smartparkingcopy\\backend\\node_modules\\.delayed-stream-Sed3HPwZ',
132 silly reify   'E:\\smartparkingcopy\\backend\\node_modules\\depd': 'E:\\smartparkingcopy\\backend\\node_modules\\.depd-gLWnWOzQ',
132 silly reify   'E:\\smartparkingcopy\\backend\\node_modules\\dotenv': 'E:\\smartparkingcopy\\backend\\node_modules\\.dotenv-sXJJLaJr',
132 silly reify   'E:\\smartparkingcopy\\backend\\node_modules\\dunder-proto': 'E:\\smartparkingcopy\\backend\\node_modules\\.dunder-proto-Ea3FG2mP',
132 silly reify   'E:\\smartparkingcopy\\backend\\node_modules\\ee-first': 'E:\\smartparkingcopy\\backend\\node_modules\\.ee-first-b3Pt3eeC',
132 silly reify   'E:\\smartparkingcopy\\backend\\node_modules\\encodeurl': 'E:\\smartparkingcopy\\backend\\node_modules\\.encodeurl-DeU2tCxK',
132 silly reify   'E:\\smartparkingcopy\\backend\\node_modules\\es-define-property': 'E:\\smartparkingcopy\\backend\\node_modules\\.es-define-property-9EjvZYp0',
132 silly reify   'E:\\smartparkingcopy\\backend\\node_modules\\es-errors': 'E:\\smartparkingcopy\\backend\\node_modules\\.es-errors-lXwiK8ec',
132 silly reify   'E:\\smartparkingcopy\\backend\\node_modules\\es-object-atoms': 'E:\\smartparkingcopy\\backend\\node_modules\\.es-object-atoms-6iGHd3IR',
132 silly reify   'E:\\smartparkingcopy\\backend\\node_modules\\es-set-tostringtag': 'E:\\smartparkingcopy\\backend\\node_modules\\.es-set-tostringtag-NKK3DiKp',
132 silly reify   'E:\\smartparkingcopy\\backend\\node_modules\\escape-html': 'E:\\smartparkingcopy\\backend\\node_modules\\.escape-html-kVReQ4Zb',
132 silly reify   'E:\\smartparkingcopy\\backend\\node_modules\\etag': 'E:\\smartparkingcopy\\backend\\node_modules\\.etag-bCuHmN4o',
132 silly reify   'E:\\smartparkingcopy\\backend\\node_modules\\express': 'E:\\smartparkingcopy\\backend\\node_modules\\.express-31ZP5pEN',
132 silly reify   'E:\\smartparkingcopy\\backend\\node_modules\\fill-range': 'E:\\smartparkingcopy\\backend\\node_modules\\.fill-range-zc6pg9JC',
132 silly reify   'E:\\smartparkingcopy\\backend\\node_modules\\finalhandler': 'E:\\smartparkingcopy\\backend\\node_modules\\.finalhandler-ADUJDY7h',
132 silly reify   'E:\\smartparkingcopy\\backend\\node_modules\\follow-redirects': 'E:\\smartparkingcopy\\backend\\node_modules\\.follow-redirects-tBtIBKOG',
132 silly reify   'E:\\smartparkingcopy\\backend\\node_modules\\form-data': 'E:\\smartparkingcopy\\backend\\node_modules\\.form-data-zVVz71kG',
132 silly reify   'E:\\smartparkingcopy\\backend\\node_modules\\forwarded': 'E:\\smartparkingcopy\\backend\\node_modules\\.forwarded-B1oFKVoV',
132 silly reify   'E:\\smartparkingcopy\\backend\\node_modules\\fresh': 'E:\\smartparkingcopy\\backend\\node_modules\\.fresh-DMQQbmXK',
132 silly reify   'E:\\smartparkingcopy\\backend\\node_modules\\fsevents': 'E:\\smartparkingcopy\\backend\\node_modules\\.fsevents-VdqKM8Iv',
132 silly reify   'E:\\smartparkingcopy\\backend\\node_modules\\function-bind': 'E:\\smartparkingcopy\\backend\\node_modules\\.function-bind-ptvmQfve',
132 silly reify   'E:\\smartparkingcopy\\backend\\node_modules\\get-intrinsic': 'E:\\smartparkingcopy\\backend\\node_modules\\.get-intrinsic-XOb696eJ',
132 silly reify   'E:\\smartparkingcopy\\backend\\node_modules\\get-proto': 'E:\\smartparkingcopy\\backend\\node_modules\\.get-proto-Sfsykiws',
132 silly reify   'E:\\smartparkingcopy\\backend\\node_modules\\glob-parent': 'E:\\smartparkingcopy\\backend\\node_modules\\.glob-parent-qhqjQYuz',
132 silly reify   'E:\\smartparkingcopy\\backend\\node_modules\\gopd': 'E:\\smartparkingcopy\\backend\\node_modules\\.gopd-QV3dF4Dx',
132 silly reify   'E:\\smartparkingcopy\\backend\\node_modules\\has-symbols': 'E:\\smartparkingcopy\\backend\\node_modules\\.has-symbols-k4jX6IhS',
132 silly reify   'E:\\smartparkingcopy\\backend\\node_modules\\has-tostringtag': 'E:\\smartparkingcopy\\backend\\node_modules\\.has-tostringtag-iQkPw0rp',
132 silly reify   'E:\\smartparkingcopy\\backend\\node_modules\\hasown': 'E:\\smartparkingcopy\\backend\\node_modules\\.hasown-bJnkRrbA',
132 silly reify   'E:\\smartparkingcopy\\backend\\node_modules\\http-errors': 'E:\\smartparkingcopy\\backend\\node_modules\\.http-errors-pCZqiM5M',
132 silly reify   'E:\\smartparkingcopy\\backend\\node_modules\\iconv-lite': 'E:\\smartparkingcopy\\backend\\node_modules\\.iconv-lite-eXVBwpX5',
132 silly reify   'E:\\smartparkingcopy\\backend\\node_modules\\ignore-by-default': 'E:\\smartparkingcopy\\backend\\node_modules\\.ignore-by-default-RoywyXhO',
132 silly reify   'E:\\smartparkingcopy\\backend\\node_modules\\inherits': 'E:\\smartparkingcopy\\backend\\node_modules\\.inherits-10h1uubh',
132 silly reify   'E:\\smartparkingcopy\\backend\\node_modules\\ipaddr.js': 'E:\\smartparkingcopy\\backend\\node_modules\\.ipaddr.js-hboXKRP3',
132 silly reify   'E:\\smartparkingcopy\\backend\\node_modules\\is-binary-path': 'E:\\smartparkingcopy\\backend\\node_modules\\.is-binary-path-jrmYEnw8',
132 silly reify   'E:\\smartparkingcopy\\backend\\node_modules\\is-extglob': 'E:\\smartparkingcopy\\backend\\node_modules\\.is-extglob-D5nOUoeS',
132 silly reify   'E:\\smartparkingcopy\\backend\\node_modules\\is-glob': 'E:\\smartparkingcopy\\backend\\node_modules\\.is-glob-swpTv9RF',
132 silly reify   'E:\\smartparkingcopy\\backend\\node_modules\\is-number': 'E:\\smartparkingcopy\\backend\\node_modules\\.is-number-NP7jdf8J',
132 silly reify   'E:\\smartparkingcopy\\backend\\node_modules\\is-promise': 'E:\\smartparkingcopy\\backend\\node_modules\\.is-promise-LNwyAv57',
132 silly reify   'E:\\smartparkingcopy\\backend\\node_modules\\kareem': 'E:\\smartparkingcopy\\backend\\node_modules\\.kareem-0WrDHWO8',
132 silly reify   'E:\\smartparkingcopy\\backend\\node_modules\\math-intrinsics': 'E:\\smartparkingcopy\\backend\\node_modules\\.math-intrinsics-BncNWdTt',
132 silly reify   'E:\\smartparkingcopy\\backend\\node_modules\\media-typer': 'E:\\smartparkingcopy\\backend\\node_modules\\.media-typer-pl1iUxaa',
132 silly reify   'E:\\smartparkingcopy\\backend\\node_modules\\memory-pager': 'E:\\smartparkingcopy\\backend\\node_modules\\.memory-pager-kyCIGzAi',
132 silly reify   'E:\\smartparkingcopy\\backend\\node_modules\\merge-descriptors': 'E:\\smartparkingcopy\\backend\\node_modules\\.merge-descriptors-Gfm4fl7m',
132 silly reify   'E:\\smartparkingcopy\\backend\\node_modules\\mime-db': 'E:\\smartparkingcopy\\backend\\node_modules\\.mime-db-lxg3Kw9N',
132 silly reify   'E:\\smartparkingcopy\\backend\\node_modules\\mime-types': 'E:\\smartparkingcopy\\backend\\node_modules\\.mime-types-FkmbCkCX',
132 silly reify   'E:\\smartparkingcopy\\backend\\node_modules\\mongodb': 'E:\\smartparkingcopy\\backend\\node_modules\\.mongodb-93fHbbih',
132 silly reify   'E:\\smartparkingcopy\\backend\\node_modules\\mongodb-connection-string-url': 'E:\\smartparkingcopy\\backend\\node_modules\\.mongodb-connection-string-url-9GvtR6RQ',
132 silly reify   'E:\\smartparkingcopy\\backend\\node_modules\\mongoose': 'E:\\smartparkingcopy\\backend\\node_modules\\.mongoose-5xiL6it0',
132 silly reify   'E:\\smartparkingcopy\\backend\\node_modules\\mpath': 'E:\\smartparkingcopy\\backend\\node_modules\\.mpath-awoiwOO0',
132 silly reify   'E:\\smartparkingcopy\\backend\\node_modules\\mquery': 'E:\\smartparkingcopy\\backend\\node_modules\\.mquery-2JG2j8CN',
132 silly reify   'E:\\smartparkingcopy\\backend\\node_modules\\ms': 'E:\\smartparkingcopy\\backend\\node_modules\\.ms-gk8oJVLW',
132 silly reify   'E:\\smartparkingcopy\\backend\\node_modules\\negotiator': 'E:\\smartparkingcopy\\backend\\node_modules\\.negotiator-kltVJnDe',
132 silly reify   'E:\\smartparkingcopy\\backend\\node_modules\\nodemon': 'E:\\smartparkingcopy\\backend\\node_modules\\.nodemon-yw4tSCDb',
132 silly reify   'E:\\smartparkingcopy\\backend\\node_modules\\normalize-path': 'E:\\smartparkingcopy\\backend\\node_modules\\.normalize-path-8yOAvN42',
132 silly reify   'E:\\smartparkingcopy\\backend\\node_modules\\object-assign': 'E:\\smartparkingcopy\\backend\\node_modules\\.object-assign-s8BxeCQ1',
132 silly reify   'E:\\smartparkingcopy\\backend\\node_modules\\object-inspect': 'E:\\smartparkingcopy\\backend\\node_modules\\.object-inspect-TROl1S2E',
132 silly reify   'E:\\smartparkingcopy\\backend\\node_modules\\on-finished': 'E:\\smartparkingcopy\\backend\\node_modules\\.on-finished-gOWpqsCu',
132 silly reify   'E:\\smartparkingcopy\\backend\\node_modules\\once': 'E:\\smartparkingcopy\\backend\\node_modules\\.once-qGQsIN1Q',
132 silly reify   'E:\\smartparkingcopy\\backend\\node_modules\\parseurl': 'E:\\smartparkingcopy\\backend\\node_modules\\.parseurl-A2hT8izc',
132 silly reify   'E:\\smartparkingcopy\\backend\\node_modules\\path-to-regexp': 'E:\\smartparkingcopy\\backend\\node_modules\\.path-to-regexp-3rS6RMCv',
132 silly reify   'E:\\smartparkingcopy\\backend\\node_modules\\picomatch': 'E:\\smartparkingcopy\\backend\\node_modules\\.picomatch-uQzo3Riw',
132 silly reify   'E:\\smartparkingcopy\\backend\\node_modules\\proxy-addr': 'E:\\smartparkingcopy\\backend\\node_modules\\.proxy-addr-XuJp97tJ',
132 silly reify   'E:\\smartparkingcopy\\backend\\node_modules\\proxy-from-env': 'E:\\smartparkingcopy\\backend\\node_modules\\.proxy-from-env-ZyUkwMBq',
132 silly reify   'E:\\smartparkingcopy\\backend\\node_modules\\pstree.remy': 'E:\\smartparkingcopy\\backend\\node_modules\\.pstree.remy-VbKLL3sF',
132 silly reify   'E:\\smartparkingcopy\\backend\\node_modules\\punycode': 'E:\\smartparkingcopy\\backend\\node_modules\\.punycode-QrTTIExk',
132 silly reify   'E:\\smartparkingcopy\\backend\\node_modules\\qs': 'E:\\smartparkingcopy\\backend\\node_modules\\.qs-RS0eNVZb',
132 silly reify   'E:\\smartparkingcopy\\backend\\node_modules\\range-parser': 'E:\\smartparkingcopy\\backend\\node_modules\\.range-parser-I28keXs7',
132 silly reify   'E:\\smartparkingcopy\\backend\\node_modules\\raw-body': 'E:\\smartparkingcopy\\backend\\node_modules\\.raw-body-vYqykInG',
132 silly reify   'E:\\smartparkingcopy\\backend\\node_modules\\razorpay': 'E:\\smartparkingcopy\\backend\\node_modules\\.razorpay-yDJEFDSc',
132 silly reify   'E:\\smartparkingcopy\\backend\\node_modules\\readdirp': 'E:\\smartparkingcopy\\backend\\node_modules\\.readdirp-91nQLYht',
132 silly reify   'E:\\smartparkingcopy\\backend\\node_modules\\router': 'E:\\smartparkingcopy\\backend\\node_modules\\.router-oTAT5GRq',
132 silly reify   'E:\\smartparkingcopy\\backend\\node_modules\\safer-buffer': 'E:\\smartparkingcopy\\backend\\node_modules\\.safer-buffer-3bgvGbD0',
132 silly reify   'E:\\smartparkingcopy\\backend\\node_modules\\semver': 'E:\\smartparkingcopy\\backend\\node_modules\\.semver-LNUi9tlE',
132 silly reify   'E:\\smartparkingcopy\\backend\\node_modules\\send': 'E:\\smartparkingcopy\\backend\\node_modules\\.send-TrMho4mF',
132 silly reify   'E:\\smartparkingcopy\\backend\\node_modules\\serve-static': 'E:\\smartparkingcopy\\backend\\node_modules\\.serve-static-yPhafshJ',
132 silly reify   'E:\\smartparkingcopy\\backend\\node_modules\\setprototypeof': 'E:\\smartparkingcopy\\backend\\node_modules\\.setprototypeof-tDYus0OG',
132 silly reify   'E:\\smartparkingcopy\\backend\\node_modules\\side-channel': 'E:\\smartparkingcopy\\backend\\node_modules\\.side-channel-8f2bCmi0',
132 silly reify   'E:\\smartparkingcopy\\backend\\node_modules\\side-channel-list': 'E:\\smartparkingcopy\\backend\\node_modules\\.side-channel-list-sYf1WF1I',
132 silly reify   'E:\\smartparkingcopy\\backend\\node_modules\\side-channel-map': 'E:\\smartparkingcopy\\backend\\node_modules\\.side-channel-map-6mlUNUJb',
132 silly reify   'E:\\smartparkingcopy\\backend\\node_modules\\side-channel-weakmap': 'E:\\smartparkingcopy\\backend\\node_modules\\.side-channel-weakmap-I4VqRYxb',
132 silly reify   'E:\\smartparkingcopy\\backend\\node_modules\\sift': 'E:\\smartparkingcopy\\backend\\node_modules\\.sift-iTf4eLpV',
132 silly reify   'E:\\smartparkingcopy\\backend\\node_modules\\simple-update-notifier': 'E:\\smartparkingcopy\\backend\\node_modules\\.simple-update-notifier-2wwZnVyX',
132 silly reify   'E:\\smartparkingcopy\\backend\\node_modules\\sparse-bitfield': 'E:\\smartparkingcopy\\backend\\node_modules\\.sparse-bitfield-UCh6QYwz',
132 silly reify   'E:\\smartparkingcopy\\backend\\node_modules\\statuses': 'E:\\smartparkingcopy\\backend\\node_modules\\.statuses-RKCR8vyC',
132 silly reify   'E:\\smartparkingcopy\\backend\\node_modules\\to-regex-range': 'E:\\smartparkingcopy\\backend\\node_modules\\.to-regex-range-bKxpZ0nM',
132 silly reify   'E:\\smartparkingcopy\\backend\\node_modules\\toidentifier': 'E:\\smartparkingcopy\\backend\\node_modules\\.toidentifier-ESWaXJQo',
132 silly reify   'E:\\smartparkingcopy\\backend\\node_modules\\touch': 'E:\\smartparkingcopy\\backend\\node_modules\\.touch-HyUy9Web',
132 silly reify   'E:\\smartparkingcopy\\backend\\node_modules\\tr46': 'E:\\smartparkingcopy\\backend\\node_modules\\.tr46-11xDJJkO',
132 silly reify   'E:\\smartparkingcopy\\backend\\node_modules\\type-is': 'E:\\smartparkingcopy\\backend\\node_modules\\.type-is-kfghToEu',
132 silly reify   'E:\\smartparkingcopy\\backend\\node_modules\\undefsafe': 'E:\\smartparkingcopy\\backend\\node_modules\\.undefsafe-kIANhML3',
132 silly reify   'E:\\smartparkingcopy\\backend\\node_modules\\unpipe': 'E:\\smartparkingcopy\\backend\\node_modules\\.unpipe-Jguvni93',
132 silly reify   'E:\\smartparkingcopy\\backend\\node_modules\\vary': 'E:\\smartparkingcopy\\backend\\node_modules\\.vary-NxTvztFQ',
132 silly reify   'E:\\smartparkingcopy\\backend\\node_modules\\webidl-conversions': 'E:\\smartparkingcopy\\backend\\node_modules\\.webidl-conversions-jfT6C3Wt',
132 silly reify   'E:\\smartparkingcopy\\backend\\node_modules\\whatwg-url': 'E:\\smartparkingcopy\\backend\\node_modules\\.whatwg-url-sFUG3sjE',
132 silly reify   'E:\\smartparkingcopy\\backend\\node_modules\\wrappy': 'E:\\smartparkingcopy\\backend\\node_modules\\.wrappy-KB6lrAua',
132 silly reify   'E:\\smartparkingcopy\\backend\\node_modules\\@mongodb-js\\saslprep': 'E:\\smartparkingcopy\\backend\\node_modules\\@mongodb-js\\.saslprep-bWd9RFbE',
132 silly reify   'E:\\smartparkingcopy\\backend\\node_modules\\@types\\webidl-conversions': 'E:\\smartparkingcopy\\backend\\node_modules\\@types\\.webidl-conversions-DK705zvX',
132 silly reify   'E:\\smartparkingcopy\\backend\\node_modules\\@types\\whatwg-url': 'E:\\smartparkingcopy\\backend\\node_modules\\@types\\.whatwg-url-vYHGy1bZ'
132 silly reify }
133 silly audit bulk request {
133 silly audit   semver: [ '7.7.4' ],
133 silly audit   '@mongodb-js/saslprep': [ '1.4.6' ],
133 silly audit   fresh: [ '2.0.0' ],
133 silly audit   send: [ '1.2.1' ],
133 silly audit   debug: [ '4.4.3' ],
133 silly audit   ms: [ '2.1.3' ],
133 silly audit   'serve-static': [ '2.2.1' ],
133 silly audit   '@types/webidl-conversions': [ '7.0.3' ],
133 silly audit   '@types/whatwg-url': [ '13.0.0' ],
133 silly audit   accepts: [ '2.0.0' ],
133 silly audit   anymatch: [ '3.1.3' ],
133 silly audit   asynckit: [ '0.4.0' ],
133 silly audit   axios: [ '1.14.0' ],
133 silly audit   'balanced-match': [ '4.0.4' ],
133 silly audit   'binary-extensions': [ '2.3.0' ],
133 silly audit   'body-parser': [ '2.2.2' ],
133 silly audit   'brace-expansion': [ '5.0.5' ],
133 silly audit   braces: [ '3.0.3' ],
133 silly audit   bson: [ '7.2.0' ],
133 silly audit   bytes: [ '3.1.2' ],
133 silly audit   'call-bind-apply-helpers': [ '1.0.2' ],
133 silly audit   'call-bound': [ '1.0.4' ],
133 silly audit   chokidar: [ '3.6.0' ],
133 silly audit   'combined-stream': [ '1.0.8' ],
133 silly audit   encodeurl: [ '2.0.0' ],
133 silly audit   finalhandler: [ '2.1.1' ],
133 silly audit   'on-finished': [ '2.4.1' ],
133 silly audit   statuses: [ '2.0.2' ],
133 silly audit   'content-disposition': [ '1.0.1' ],
133 silly audit   'content-type': [ '1.0.5' ],
133 silly audit   cookie: [ '0.7.2' ],
133 silly audit   'cookie-signature': [ '1.2.2' ],
133 silly audit   cors: [ '2.8.6' ],
133 silly audit   'delayed-stream': [ '1.0.0' ],
133 silly audit   depd: [ '2.0.0' ],
133 silly audit   dotenv: [ '17.4.1' ],
133 silly audit   'dunder-proto': [ '1.0.1' ],
133 silly audit   'ee-first': [ '1.1.1' ],
133 silly audit   'es-define-property': [ '1.0.1' ],
133 silly audit   'es-errors': [ '1.3.0' ],
133 silly audit   'es-object-atoms': [ '1.1.1' ],
133 silly audit   'es-set-tostringtag': [ '2.1.0' ],
133 silly audit   'escape-html': [ '1.0.3' ],
133 silly audit   etag: [ '1.8.1' ],
133 silly audit   express: [ '5.2.1' ],
133 silly audit   'fill-range': [ '7.1.1' ],
133 silly audit   'follow-redirects': [ '1.15.11' ],
133 silly audit   'form-data': [ '4.0.5' ],
133 silly audit   'mime-db': [ '1.52.0', '1.54.0' ],
133 silly audit   'mime-types': [ '2.1.35', '3.0.2' ],
133 silly audit   forwarded: [ '0.2.0' ],
133 silly audit   fsevents: [ '2.3.3' ],
133 silly audit   'function-bind': [ '1.1.2' ],
133 silly audit   'get-intrinsic': [ '1.3.0' ],
133 silly audit   'get-proto': [ '1.0.1' ],
133 silly audit   'glob-parent': [ '5.1.2' ],
133 silly audit   gopd: [ '1.2.0' ],
133 silly audit   'has-flag': [ '3.0.0' ],
133 silly audit   'has-symbols': [ '1.1.0' ],
133 silly audit   'has-tostringtag': [ '1.0.2' ],
133 silly audit   hasown: [ '2.0.2' ],
133 silly audit   'http-errors': [ '2.0.1' ],
133 silly audit   'iconv-lite': [ '0.7.2' ],
133 silly audit   'ignore-by-default': [ '1.0.1' ],
133 silly audit   inherits: [ '2.0.4' ],
133 silly audit   'ipaddr.js': [ '1.9.1' ],
133 silly audit   'is-binary-path': [ '2.1.0' ],
133 silly audit   'is-extglob': [ '2.1.1' ],
133 silly audit   'is-glob': [ '4.0.3' ],
133 silly audit   'is-number': [ '7.0.0' ],
133 silly audit   'is-promise': [ '4.0.0' ],
133 silly audit   'supports-color': [ '5.5.0' ],
133 silly audit   kareem: [ '3.2.0' ],
133 silly audit   'math-intrinsics': [ '1.1.0' ],
133 silly audit   'media-typer': [ '1.1.0' ],
133 silly audit   'memory-pager': [ '1.5.0' ],
133 silly audit   'merge-descriptors': [ '2.0.0' ],
133 silly audit   minimatch: [ '10.2.5' ],
133 silly audit   mongodb: [ '7.1.0' ],
133 silly audit   'mongodb-connection-string-url': [ '7.0.1' ],
133 silly audit   mongoose: [ '9.3.1' ],
133 silly audit   mpath: [ '0.9.0' ],
133 silly audit   mquery: [ '6.0.0' ],
133 silly audit   negotiator: [ '1.0.0' ],
133 silly audit   nodemon: [ '3.1.14' ],
133 silly audit   'normalize-path': [ '3.0.0' ],
133 silly audit   'object-assign': [ '4.1.1' ],
133 silly audit   'object-inspect': [ '1.13.4' ],
133 silly audit   once: [ '1.4.0' ],
133 silly audit   parseurl: [ '1.3.3' ],
133 silly audit   'path-to-regexp': [ '8.3.0' ],
133 silly audit   picomatch: [ '2.3.2' ],
133 silly audit   'proxy-addr': [ '2.0.7' ],
133 silly audit   'proxy-from-env': [ '2.1.0' ],
133 silly audit   'pstree.remy': [ '1.1.8' ],
133 silly audit   punycode: [ '2.3.1' ],
133 silly audit   qs: [ '6.15.0' ],
133 silly audit   'range-parser': [ '1.2.1' ],
133 silly audit   'raw-body': [ '3.0.2' ],
133 silly audit   razorpay: [ '2.9.6' ],
133 silly audit   readdirp: [ '3.6.0' ],
133 silly audit   router: [ '2.2.0' ],
133 silly audit   'safer-buffer': [ '2.1.2' ],
133 silly audit   setprototypeof: [ '1.2.0' ],
133 silly audit   'side-channel': [ '1.1.0' ],
133 silly audit   'side-channel-list': [ '1.0.0' ],
133 silly audit   'side-channel-map': [ '1.0.1' ],
133 silly audit   'side-channel-weakmap': [ '1.0.2' ],
133 silly audit   sift: [ '17.1.3' ],
133 silly audit   'simple-update-notifier': [ '2.0.0' ],
133 silly audit   'sparse-bitfield': [ '3.0.3' ],
133 silly audit   'to-regex-range': [ '5.0.1' ],
133 silly audit   toidentifier: [ '1.0.1' ],
133 silly audit   touch: [ '3.1.1' ],
133 silly audit   tr46: [ '5.1.1' ],
133 silly audit   'type-is': [ '2.0.1' ],
133 silly audit   undefsafe: [ '2.0.5' ],
133 silly audit   unpipe: [ '1.0.0' ],
133 silly audit   vary: [ '1.1.2' ],
133 silly audit   'webidl-conversions': [ '7.0.0' ],
133 silly audit   'whatwg-url': [ '14.2.0' ],
133 silly audit   wrappy: [ '1.0.2' ]
133 silly audit }
134 verbose reify failed optional dependency E:\smartparkingcopy\backend\node_modules\fsevents
135 silly reify mark deleted [ 'E:\\smartparkingcopy\\backend\\node_modules\\fsevents' ]
136 http cache @mongodb-js/saslprep@https://registry.npmjs.org/@mongodb-js/saslprep/-/saslprep-1.4.6.tgz 0ms (cache hit)
137 http cache wrappy@https://registry.npmjs.org/wrappy/-/wrappy-1.0.2.tgz 1ms (cache hit)
138 http cache @types/whatwg-url@https://registry.npmjs.org/@types/whatwg-url/-/whatwg-url-13.0.0.tgz 0ms (cache hit)
139 http cache whatwg-url@https://registry.npmjs.org/whatwg-url/-/whatwg-url-14.2.0.tgz 0ms (cache hit)
140 http cache @types/webidl-conversions@https://registry.npmjs.org/@types/webidl-conversions/-/webidl-conversions-7.0.3.tgz 0ms (cache hit)
141 http cache webidl-conversions@https://registry.npmjs.org/webidl-conversions/-/webidl-conversions-7.0.0.tgz 0ms (cache hit)
142 http cache undefsafe@https://registry.npmjs.org/undefsafe/-/undefsafe-2.0.5.tgz 0ms (cache hit)
143 http cache unpipe@https://registry.npmjs.org/unpipe/-/unpipe-1.0.0.tgz 0ms (cache hit)
144 http cache vary@https://registry.npmjs.org/vary/-/vary-1.1.2.tgz 0ms (cache hit)
145 http cache tr46@https://registry.npmjs.org/tr46/-/tr46-5.1.1.tgz 0ms (cache hit)
146 http cache touch@https://registry.npmjs.org/touch/-/touch-3.1.1.tgz 0ms (cache hit)
147 http cache type-is@https://registry.npmjs.org/type-is/-/type-is-2.0.1.tgz 0ms (cache hit)
148 http cache to-regex-range@https://registry.npmjs.org/to-regex-range/-/to-regex-range-5.0.1.tgz 0ms (cache hit)
149 http cache toidentifier@https://registry.npmjs.org/toidentifier/-/toidentifier-1.0.1.tgz 0ms (cache hit)
150 http cache statuses@https://registry.npmjs.org/statuses/-/statuses-2.0.2.tgz 0ms (cache hit)
151 http cache sparse-bitfield@https://registry.npmjs.org/sparse-bitfield/-/sparse-bitfield-3.0.3.tgz 0ms (cache hit)
152 http cache simple-update-notifier@https://registry.npmjs.org/simple-update-notifier/-/simple-update-notifier-2.0.0.tgz 0ms (cache hit)
153 http cache sift@https://registry.npmjs.org/sift/-/sift-17.1.3.tgz 0ms (cache hit)
154 http cache side-channel-map@https://registry.npmjs.org/side-channel-map/-/side-channel-map-1.0.1.tgz 0ms (cache hit)
155 http cache side-channel-weakmap@https://registry.npmjs.org/side-channel-weakmap/-/side-channel-weakmap-1.0.2.tgz 0ms (cache hit)
156 http cache side-channel-list@https://registry.npmjs.org/side-channel-list/-/side-channel-list-1.0.0.tgz 0ms (cache hit)
157 http cache side-channel@https://registry.npmjs.org/side-channel/-/side-channel-1.1.0.tgz 0ms (cache hit)
158 http cache serve-static@https://registry.npmjs.org/serve-static/-/serve-static-2.2.1.tgz 0ms (cache hit)
159 http cache setprototypeof@https://registry.npmjs.org/setprototypeof/-/setprototypeof-1.2.0.tgz 0ms (cache hit)
160 http cache send@https://registry.npmjs.org/send/-/send-1.2.1.tgz 0ms (cache hit)
161 http cache safer-buffer@https://registry.npmjs.org/safer-buffer/-/safer-buffer-2.1.2.tgz 0ms (cache hit)
162 http cache semver@https://registry.npmjs.org/semver/-/semver-7.7.4.tgz 0ms (cache hit)
163 http cache readdirp@https://registry.npmjs.org/readdirp/-/readdirp-3.6.0.tgz 0ms (cache hit)
164 http cache router@https://registry.npmjs.org/router/-/router-2.2.0.tgz 0ms (cache hit)
165 http cache razorpay@https://registry.npmjs.org/razorpay/-/razorpay-2.9.6.tgz 0ms (cache hit)
166 http cache range-parser@https://registry.npmjs.org/range-parser/-/range-parser-1.2.1.tgz 0ms (cache hit)
167 http cache qs@https://registry.npmjs.org/qs/-/qs-6.15.0.tgz 0ms (cache hit)
168 http cache raw-body@https://registry.npmjs.org/raw-body/-/raw-body-3.0.2.tgz 0ms (cache hit)
169 http cache proxy-from-env@https://registry.npmjs.org/proxy-from-env/-/proxy-from-env-2.1.0.tgz 0ms (cache hit)
170 http cache punycode@https://registry.npmjs.org/punycode/-/punycode-2.3.1.tgz 0ms (cache hit)
171 http cache pstree.remy@https://registry.npmjs.org/pstree.remy/-/pstree.remy-1.1.8.tgz 0ms (cache hit)
172 http cache proxy-addr@https://registry.npmjs.org/proxy-addr/-/proxy-addr-2.0.7.tgz 0ms (cache hit)
173 http cache path-to-regexp@https://registry.npmjs.org/path-to-regexp/-/path-to-regexp-8.3.0.tgz 0ms (cache hit)
174 http cache parseurl@https://registry.npmjs.org/parseurl/-/parseurl-1.3.3.tgz 0ms (cache hit)
175 http cache once@https://registry.npmjs.org/once/-/once-1.4.0.tgz 0ms (cache hit)
176 http cache picomatch@https://registry.npmjs.org/picomatch/-/picomatch-2.3.2.tgz 0ms (cache hit)
177 http cache on-finished@https://registry.npmjs.org/on-finished/-/on-finished-2.4.1.tgz 0ms (cache hit)
178 http cache object-inspect@https://registry.npmjs.org/object-inspect/-/object-inspect-1.13.4.tgz 0ms (cache hit)
179 http cache object-assign@https://registry.npmjs.org/object-assign/-/object-assign-4.1.1.tgz 0ms (cache hit)
180 http cache nodemon@https://registry.npmjs.org/nodemon/-/nodemon-3.1.14.tgz 0ms (cache hit)
181 http cache normalize-path@https://registry.npmjs.org/normalize-path/-/normalize-path-3.0.0.tgz 0ms (cache hit)
182 http cache negotiator@https://registry.npmjs.org/negotiator/-/negotiator-1.0.0.tgz 0ms (cache hit)
183 http cache ms@https://registry.npmjs.org/ms/-/ms-2.1.3.tgz 0ms (cache hit)
184 http cache mquery@https://registry.npmjs.org/mquery/-/mquery-6.0.0.tgz 0ms (cache hit)
185 http cache mongoose@https://registry.npmjs.org/mongoose/-/mongoose-9.3.1.tgz 0ms (cache hit)
186 http cache mpath@https://registry.npmjs.org/mpath/-/mpath-0.9.0.tgz 0ms (cache hit)
187 http cache mongodb-connection-string-url@https://registry.npmjs.org/mongodb-connection-string-url/-/mongodb-connection-string-url-7.0.1.tgz 0ms (cache hit)
188 http cache mongodb@https://registry.npmjs.org/mongodb/-/mongodb-7.1.0.tgz 0ms (cache hit)
189 http cache mime-types@https://registry.npmjs.org/mime-types/-/mime-types-3.0.2.tgz 0ms (cache hit)
190 http cache mime-db@https://registry.npmjs.org/mime-db/-/mime-db-1.54.0.tgz 0ms (cache hit)
191 http cache memory-pager@https://registry.npmjs.org/memory-pager/-/memory-pager-1.5.0.tgz 0ms (cache hit)
192 http cache merge-descriptors@https://registry.npmjs.org/merge-descriptors/-/merge-descriptors-2.0.0.tgz 1ms (cache hit)
193 http cache media-typer@https://registry.npmjs.org/media-typer/-/media-typer-1.1.0.tgz 0ms (cache hit)
194 http cache math-intrinsics@https://registry.npmjs.org/math-intrinsics/-/math-intrinsics-1.1.0.tgz 0ms (cache hit)
195 http cache is-number@https://registry.npmjs.org/is-number/-/is-number-7.0.0.tgz 0ms (cache hit)
196 http cache kareem@https://registry.npmjs.org/kareem/-/kareem-3.2.0.tgz 0ms (cache hit)
197 http cache is-extglob@https://registry.npmjs.org/is-extglob/-/is-extglob-2.1.1.tgz 0ms (cache hit)
198 http cache is-promise@https://registry.npmjs.org/is-promise/-/is-promise-4.0.0.tgz 0ms (cache hit)
199 http cache is-binary-path@https://registry.npmjs.org/is-binary-path/-/is-binary-path-2.1.0.tgz 0ms (cache hit)
200 http cache ipaddr.js@https://registry.npmjs.org/ipaddr.js/-/ipaddr.js-1.9.1.tgz 0ms (cache hit)
201 http cache ignore-by-default@https://registry.npmjs.org/ignore-by-default/-/ignore-by-default-1.0.1.tgz 0ms (cache hit)
202 http cache is-glob@https://registry.npmjs.org/is-glob/-/is-glob-4.0.3.tgz 0ms (cache hit)
203 http cache iconv-lite@https://registry.npmjs.org/iconv-lite/-/iconv-lite-0.7.2.tgz 0ms (cache hit)
204 http cache http-errors@https://registry.npmjs.org/http-errors/-/http-errors-2.0.1.tgz 0ms (cache hit)
205 http cache has-tostringtag@https://registry.npmjs.org/has-tostringtag/-/has-tostringtag-1.0.2.tgz 0ms (cache hit)
206 http cache hasown@https://registry.npmjs.org/hasown/-/hasown-2.0.2.tgz 0ms (cache hit)
207 http cache has-symbols@https://registry.npmjs.org/has-symbols/-/has-symbols-1.1.0.tgz 0ms (cache hit)
208 http cache gopd@https://registry.npmjs.org/gopd/-/gopd-1.2.0.tgz 0ms (cache hit)
209 http cache get-proto@https://registry.npmjs.org/get-proto/-/get-proto-1.0.1.tgz 0ms (cache hit)
210 http cache function-bind@https://registry.npmjs.org/function-bind/-/function-bind-1.1.2.tgz 0ms (cache hit)
211 http cache get-intrinsic@https://registry.npmjs.org/get-intrinsic/-/get-intrinsic-1.3.0.tgz 0ms (cache hit)
212 http cache fresh@https://registry.npmjs.org/fresh/-/fresh-2.0.0.tgz 0ms (cache hit)
213 http cache follow-redirects@https://registry.npmjs.org/follow-redirects/-/follow-redirects-1.15.11.tgz 0ms (cache hit)
214 http cache finalhandler@https://registry.npmjs.org/finalhandler/-/finalhandler-2.1.1.tgz 0ms (cache hit)
215 http cache fill-range@https://registry.npmjs.org/fill-range/-/fill-range-7.1.1.tgz 0ms (cache hit)
216 http cache express@https://registry.npmjs.org/express/-/express-5.2.1.tgz 0ms (cache hit)
217 http cache etag@https://registry.npmjs.org/etag/-/etag-1.8.1.tgz 0ms (cache hit)
218 http cache escape-html@https://registry.npmjs.org/escape-html/-/escape-html-1.0.3.tgz 0ms (cache hit)
219 http cache es-set-tostringtag@https://registry.npmjs.org/es-set-tostringtag/-/es-set-tostringtag-2.1.0.tgz 0ms (cache hit)
220 http cache forwarded@https://registry.npmjs.org/forwarded/-/forwarded-0.2.0.tgz 0ms (cache hit)
221 http cache form-data@https://registry.npmjs.org/form-data/-/form-data-4.0.5.tgz 0ms (cache hit)
222 http cache es-object-atoms@https://registry.npmjs.org/es-object-atoms/-/es-object-atoms-1.1.1.tgz 0ms (cache hit)
223 http cache es-errors@https://registry.npmjs.org/es-errors/-/es-errors-1.3.0.tgz 0ms (cache hit)
224 http cache es-define-property@https://registry.npmjs.org/es-define-property/-/es-define-property-1.0.1.tgz 0ms (cache hit)
225 http cache encodeurl@https://registry.npmjs.org/encodeurl/-/encodeurl-2.0.0.tgz 0ms (cache hit)
226 http cache ee-first@https://registry.npmjs.org/ee-first/-/ee-first-1.1.1.tgz 0ms (cache hit)
227 http cache dunder-proto@https://registry.npmjs.org/dunder-proto/-/dunder-proto-1.0.1.tgz 0ms (cache hit)
228 http cache dotenv@https://registry.npmjs.org/dotenv/-/dotenv-17.4.1.tgz 0ms (cache hit)
229 http cache depd@https://registry.npmjs.org/depd/-/depd-2.0.0.tgz 0ms (cache hit)
230 http cache delayed-stream@https://registry.npmjs.org/delayed-stream/-/delayed-stream-1.0.0.tgz 0ms (cache hit)
231 http cache debug@https://registry.npmjs.org/debug/-/debug-4.4.3.tgz 0ms (cache hit)
232 http cache cors@https://registry.npmjs.org/cors/-/cors-2.8.6.tgz 0ms (cache hit)
233 http cache glob-parent@https://registry.npmjs.org/glob-parent/-/glob-parent-5.1.2.tgz 0ms (cache hit)
234 http cache cookie@https://registry.npmjs.org/cookie/-/cookie-0.7.2.tgz 0ms (cache hit)
235 http cache cookie-signature@https://registry.npmjs.org/cookie-signature/-/cookie-signature-1.2.2.tgz 0ms (cache hit)
236 http cache content-type@https://registry.npmjs.org/content-type/-/content-type-1.0.5.tgz 0ms (cache hit)
237 http cache combined-stream@https://registry.npmjs.org/combined-stream/-/combined-stream-1.0.8.tgz 0ms (cache hit)
238 http cache content-disposition@https://registry.npmjs.org/content-disposition/-/content-disposition-1.0.1.tgz 0ms (cache hit)
239 http cache chokidar@https://registry.npmjs.org/chokidar/-/chokidar-3.6.0.tgz 0ms (cache hit)
240 http cache call-bound@https://registry.npmjs.org/call-bound/-/call-bound-1.0.4.tgz 0ms (cache hit)
241 http cache call-bind-apply-helpers@https://registry.npmjs.org/call-bind-apply-helpers/-/call-bind-apply-helpers-1.0.2.tgz 0ms (cache hit)
242 http cache bson@https://registry.npmjs.org/bson/-/bson-7.2.0.tgz 0ms (cache hit)
243 http cache bytes@https://registry.npmjs.org/bytes/-/bytes-3.1.2.tgz 0ms (cache hit)
244 http cache braces@https://registry.npmjs.org/braces/-/braces-3.0.3.tgz 0ms (cache hit)
245 http cache body-parser@https://registry.npmjs.org/body-parser/-/body-parser-2.2.2.tgz 0ms (cache hit)
246 http cache binary-extensions@https://registry.npmjs.org/binary-extensions/-/binary-extensions-2.3.0.tgz 0ms (cache hit)
247 http cache axios@https://registry.npmjs.org/axios/-/axios-1.14.0.tgz 0ms (cache hit)
248 http cache supports-color@https://registry.npmjs.org/supports-color/-/supports-color-5.5.0.tgz 0ms (cache hit)
249 http cache minimatch@https://registry.npmjs.org/minimatch/-/minimatch-10.2.5.tgz 0ms (cache hit)
250 http cache has-flag@https://registry.npmjs.org/has-flag/-/has-flag-3.0.0.tgz 0ms (cache hit)
251 http cache inherits@https://registry.npmjs.org/inherits/-/inherits-2.0.4.tgz 0ms (cache hit)
252 http cache anymatch@https://registry.npmjs.org/anymatch/-/anymatch-3.1.3.tgz 0ms (cache hit)
253 http cache accepts@https://registry.npmjs.org/accepts/-/accepts-2.0.0.tgz 0ms (cache hit)
254 http cache brace-expansion@https://registry.npmjs.org/brace-expansion/-/brace-expansion-5.0.5.tgz 0ms (cache hit)
255 http cache mime-types@https://registry.npmjs.org/mime-types/-/mime-types-2.1.35.tgz 0ms (cache hit)
256 http cache asynckit@https://registry.npmjs.org/asynckit/-/asynckit-0.4.0.tgz 0ms (cache hit)
257 silly tarball no local data for @mongodb-js/saslprep@https://registry.npmjs.org/@mongodb-js/saslprep/-/saslprep-1.4.6.tgz. Extracting by manifest.
258 silly tarball no local data for wrappy@https://registry.npmjs.org/wrappy/-/wrappy-1.0.2.tgz. Extracting by manifest.
259 silly tarball no local data for @types/whatwg-url@https://registry.npmjs.org/@types/whatwg-url/-/whatwg-url-13.0.0.tgz. Extracting by manifest.
260 silly tarball no local data for whatwg-url@https://registry.npmjs.org/whatwg-url/-/whatwg-url-14.2.0.tgz. Extracting by manifest.
261 silly tarball no local data for @types/webidl-conversions@https://registry.npmjs.org/@types/webidl-conversions/-/webidl-conversions-7.0.3.tgz. Extracting by manifest.
262 silly tarball no local data for webidl-conversions@https://registry.npmjs.org/webidl-conversions/-/webidl-conversions-7.0.0.tgz. Extracting by manifest.
263 silly tarball no local data for undefsafe@https://registry.npmjs.org/undefsafe/-/undefsafe-2.0.5.tgz. Extracting by manifest.
264 silly tarball no local data for unpipe@https://registry.npmjs.org/unpipe/-/unpipe-1.0.0.tgz. Extracting by manifest.
265 silly tarball no local data for vary@https://registry.npmjs.org/vary/-/vary-1.1.2.tgz. Extracting by manifest.
266 silly tarball no local data for tr46@https://registry.npmjs.org/tr46/-/tr46-5.1.1.tgz. Extracting by manifest.
267 http cache mime-db@https://registry.npmjs.org/mime-db/-/mime-db-1.52.0.tgz 0ms (cache hit)
268 silly tarball no local data for touch@https://registry.npmjs.org/touch/-/touch-3.1.1.tgz. Extracting by manifest.
269 silly tarball no local data for type-is@https://registry.npmjs.org/type-is/-/type-is-2.0.1.tgz. Extracting by manifest.
270 silly tarball no local data for to-regex-range@https://registry.npmjs.org/to-regex-range/-/to-regex-range-5.0.1.tgz. Extracting by manifest.
271 silly tarball no local data for toidentifier@https://registry.npmjs.org/toidentifier/-/toidentifier-1.0.1.tgz. Extracting by manifest.
272 silly tarball no local data for statuses@https://registry.npmjs.org/statuses/-/statuses-2.0.2.tgz. Extracting by manifest.
273 silly tarball no local data for sparse-bitfield@https://registry.npmjs.org/sparse-bitfield/-/sparse-bitfield-3.0.3.tgz. Extracting by manifest.
274 silly tarball no local data for simple-update-notifier@https://registry.npmjs.org/simple-update-notifier/-/simple-update-notifier-2.0.0.tgz. Extracting by manifest.
275 silly tarball no local data for sift@https://registry.npmjs.org/sift/-/sift-17.1.3.tgz. Extracting by manifest.
276 silly tarball no local data for side-channel-map@https://registry.npmjs.org/side-channel-map/-/side-channel-map-1.0.1.tgz. Extracting by manifest.
277 silly tarball no local data for side-channel-weakmap@https://registry.npmjs.org/side-channel-weakmap/-/side-channel-weakmap-1.0.2.tgz. Extracting by manifest.
278 silly tarball no local data for side-channel-list@https://registry.npmjs.org/side-channel-list/-/side-channel-list-1.0.0.tgz. Extracting by manifest.
279 silly tarball no local data for side-channel@https://registry.npmjs.org/side-channel/-/side-channel-1.1.0.tgz. Extracting by manifest.
280 silly tarball no local data for serve-static@https://registry.npmjs.org/serve-static/-/serve-static-2.2.1.tgz. Extracting by manifest.
281 silly tarball no local data for setprototypeof@https://registry.npmjs.org/setprototypeof/-/setprototypeof-1.2.0.tgz. Extracting by manifest.
282 silly tarball no local data for send@https://registry.npmjs.org/send/-/send-1.2.1.tgz. Extracting by manifest.
283 silly tarball no local data for safer-buffer@https://registry.npmjs.org/safer-buffer/-/safer-buffer-2.1.2.tgz. Extracting by manifest.
284 silly tarball no local data for semver@https://registry.npmjs.org/semver/-/semver-7.7.4.tgz. Extracting by manifest.
285 silly tarball no local data for readdirp@https://registry.npmjs.org/readdirp/-/readdirp-3.6.0.tgz. Extracting by manifest.
286 silly tarball no local data for router@https://registry.npmjs.org/router/-/router-2.2.0.tgz. Extracting by manifest.
287 silly tarball no local data for razorpay@https://registry.npmjs.org/razorpay/-/razorpay-2.9.6.tgz. Extracting by manifest.
288 silly tarball no local data for range-parser@https://registry.npmjs.org/range-parser/-/range-parser-1.2.1.tgz. Extracting by manifest.
289 silly tarball no local data for qs@https://registry.npmjs.org/qs/-/qs-6.15.0.tgz. Extracting by manifest.
290 silly tarball no local data for raw-body@https://registry.npmjs.org/raw-body/-/raw-body-3.0.2.tgz. Extracting by manifest.
291 silly tarball no local data for proxy-from-env@https://registry.npmjs.org/proxy-from-env/-/proxy-from-env-2.1.0.tgz. Extracting by manifest.
292 silly tarball no local data for punycode@https://registry.npmjs.org/punycode/-/punycode-2.3.1.tgz. Extracting by manifest.
293 silly tarball no local data for pstree.remy@https://registry.npmjs.org/pstree.remy/-/pstree.remy-1.1.8.tgz. Extracting by manifest.
294 silly tarball no local data for proxy-addr@https://registry.npmjs.org/proxy-addr/-/proxy-addr-2.0.7.tgz. Extracting by manifest.
295 silly tarball no local data for path-to-regexp@https://registry.npmjs.org/path-to-regexp/-/path-to-regexp-8.3.0.tgz. Extracting by manifest.
296 silly tarball no local data for parseurl@https://registry.npmjs.org/parseurl/-/parseurl-1.3.3.tgz. Extracting by manifest.
297 silly tarball no local data for once@https://registry.npmjs.org/once/-/once-1.4.0.tgz. Extracting by manifest.
298 silly tarball no local data for picomatch@https://registry.npmjs.org/picomatch/-/picomatch-2.3.2.tgz. Extracting by manifest.
299 silly tarball no local data for on-finished@https://registry.npmjs.org/on-finished/-/on-finished-2.4.1.tgz. Extracting by manifest.
300 silly tarball no local data for object-inspect@https://registry.npmjs.org/object-inspect/-/object-inspect-1.13.4.tgz. Extracting by manifest.
301 silly tarball no local data for object-assign@https://registry.npmjs.org/object-assign/-/object-assign-4.1.1.tgz. Extracting by manifest.
302 http cache balanced-match@https://registry.npmjs.org/balanced-match/-/balanced-match-4.0.4.tgz 0ms (cache hit)
303 silly tarball no local data for nodemon@https://registry.npmjs.org/nodemon/-/nodemon-3.1.14.tgz. Extracting by manifest.
304 silly tarball no local data for normalize-path@https://registry.npmjs.org/normalize-path/-/normalize-path-3.0.0.tgz. Extracting by manifest.
305 silly tarball no local data for negotiator@https://registry.npmjs.org/negotiator/-/negotiator-1.0.0.tgz. Extracting by manifest.
306 silly tarball no local data for ms@https://registry.npmjs.org/ms/-/ms-2.1.3.tgz. Extracting by manifest.
307 silly tarball no local data for mquery@https://registry.npmjs.org/mquery/-/mquery-6.0.0.tgz. Extracting by manifest.
308 silly tarball no local data for mongoose@https://registry.npmjs.org/mongoose/-/mongoose-9.3.1.tgz. Extracting by manifest.
309 silly tarball no local data for mpath@https://registry.npmjs.org/mpath/-/mpath-0.9.0.tgz. Extracting by manifest.
310 silly tarball no local data for mongodb-connection-string-url@https://registry.npmjs.org/mongodb-connection-string-url/-/mongodb-connection-string-url-7.0.1.tgz. Extracting by manifest.
311 silly tarball no local data for mongodb@https://registry.npmjs.org/mongodb/-/mongodb-7.1.0.tgz. Extracting by manifest.
312 silly tarball no local data for mime-types@https://registry.npmjs.org/mime-types/-/mime-types-3.0.2.tgz. Extracting by manifest.
313 silly tarball no local data for mime-db@https://registry.npmjs.org/mime-db/-/mime-db-1.54.0.tgz. Extracting by manifest.
314 silly tarball no local data for memory-pager@https://registry.npmjs.org/memory-pager/-/memory-pager-1.5.0.tgz. Extracting by manifest.
315 silly tarball no local data for merge-descriptors@https://registry.npmjs.org/merge-descriptors/-/merge-descriptors-2.0.0.tgz. Extracting by manifest.
316 silly tarball no local data for media-typer@https://registry.npmjs.org/media-typer/-/media-typer-1.1.0.tgz. Extracting by manifest.
317 silly tarball no local data for math-intrinsics@https://registry.npmjs.org/math-intrinsics/-/math-intrinsics-1.1.0.tgz. Extracting by manifest.
318 silly tarball no local data for is-number@https://registry.npmjs.org/is-number/-/is-number-7.0.0.tgz. Extracting by manifest.
319 silly tarball no local data for kareem@https://registry.npmjs.org/kareem/-/kareem-3.2.0.tgz. Extracting by manifest.
320 silly tarball no local data for is-extglob@https://registry.npmjs.org/is-extglob/-/is-extglob-2.1.1.tgz. Extracting by manifest.
321 silly tarball no local data for is-promise@https://registry.npmjs.org/is-promise/-/is-promise-4.0.0.tgz. Extracting by manifest.
322 silly tarball no local data for is-binary-path@https://registry.npmjs.org/is-binary-path/-/is-binary-path-2.1.0.tgz. Extracting by manifest.
323 silly tarball no local data for ipaddr.js@https://registry.npmjs.org/ipaddr.js/-/ipaddr.js-1.9.1.tgz. Extracting by manifest.
324 silly tarball no local data for ignore-by-default@https://registry.npmjs.org/ignore-by-default/-/ignore-by-default-1.0.1.tgz. Extracting by manifest.
325 silly tarball no local data for is-glob@https://registry.npmjs.org/is-glob/-/is-glob-4.0.3.tgz. Extracting by manifest.
326 silly tarball no local data for iconv-lite@https://registry.npmjs.org/iconv-lite/-/iconv-lite-0.7.2.tgz. Extracting by manifest.
327 silly tarball no local data for http-errors@https://registry.npmjs.org/http-errors/-/http-errors-2.0.1.tgz. Extracting by manifest.
328 silly tarball no local data for has-tostringtag@https://registry.npmjs.org/has-tostringtag/-/has-tostringtag-1.0.2.tgz. Extracting by manifest.
329 silly tarball no local data for hasown@https://registry.npmjs.org/hasown/-/hasown-2.0.2.tgz. Extracting by manifest.
330 silly tarball no local data for has-symbols@https://registry.npmjs.org/has-symbols/-/has-symbols-1.1.0.tgz. Extracting by manifest.
331 silly tarball no local data for gopd@https://registry.npmjs.org/gopd/-/gopd-1.2.0.tgz. Extracting by manifest.
332 silly tarball no local data for get-proto@https://registry.npmjs.org/get-proto/-/get-proto-1.0.1.tgz. Extracting by manifest.
333 silly tarball no local data for function-bind@https://registry.npmjs.org/function-bind/-/function-bind-1.1.2.tgz. Extracting by manifest.
334 silly tarball no local data for get-intrinsic@https://registry.npmjs.org/get-intrinsic/-/get-intrinsic-1.3.0.tgz. Extracting by manifest.
335 silly tarball no local data for fresh@https://registry.npmjs.org/fresh/-/fresh-2.0.0.tgz. Extracting by manifest.
336 silly tarball no local data for follow-redirects@https://registry.npmjs.org/follow-redirects/-/follow-redirects-1.15.11.tgz. Extracting by manifest.
337 silly tarball no local data for finalhandler@https://registry.npmjs.org/finalhandler/-/finalhandler-2.1.1.tgz. Extracting by manifest.
338 silly tarball no local data for fill-range@https://registry.npmjs.org/fill-range/-/fill-range-7.1.1.tgz. Extracting by manifest.
339 silly tarball no local data for express@https://registry.npmjs.org/express/-/express-5.2.1.tgz. Extracting by manifest.
340 silly tarball no local data for etag@https://registry.npmjs.org/etag/-/etag-1.8.1.tgz. Extracting by manifest.
341 silly tarball no local data for escape-html@https://registry.npmjs.org/escape-html/-/escape-html-1.0.3.tgz. Extracting by manifest.
342 silly tarball no local data for es-set-tostringtag@https://registry.npmjs.org/es-set-tostringtag/-/es-set-tostringtag-2.1.0.tgz. Extracting by manifest.
343 silly tarball no local data for forwarded@https://registry.npmjs.org/forwarded/-/forwarded-0.2.0.tgz. Extracting by manifest.
344 silly tarball no local data for form-data@https://registry.npmjs.org/form-data/-/form-data-4.0.5.tgz. Extracting by manifest.
345 silly tarball no local data for es-object-atoms@https://registry.npmjs.org/es-object-atoms/-/es-object-atoms-1.1.1.tgz. Extracting by manifest.
346 silly tarball no local data for es-errors@https://registry.npmjs.org/es-errors/-/es-errors-1.3.0.tgz. Extracting by manifest.
347 silly tarball no local data for es-define-property@https://registry.npmjs.org/es-define-property/-/es-define-property-1.0.1.tgz. Extracting by manifest.
348 silly tarball no local data for encodeurl@https://registry.npmjs.org/encodeurl/-/encodeurl-2.0.0.tgz. Extracting by manifest.
349 silly tarball no local data for ee-first@https://registry.npmjs.org/ee-first/-/ee-first-1.1.1.tgz. Extracting by manifest.
350 silly tarball no local data for dunder-proto@https://registry.npmjs.org/dunder-proto/-/dunder-proto-1.0.1.tgz. Extracting by manifest.
351 silly tarball no local data for dotenv@https://registry.npmjs.org/dotenv/-/dotenv-17.4.1.tgz. Extracting by manifest.
352 silly tarball no local data for depd@https://registry.npmjs.org/depd/-/depd-2.0.0.tgz. Extracting by manifest.
353 silly tarball no local data for delayed-stream@https://registry.npmjs.org/delayed-stream/-/delayed-stream-1.0.0.tgz. Extracting by manifest.
354 silly tarball no local data for debug@https://registry.npmjs.org/debug/-/debug-4.4.3.tgz. Extracting by manifest.
355 silly tarball no local data for cors@https://registry.npmjs.org/cors/-/cors-2.8.6.tgz. Extracting by manifest.
356 silly tarball no local data for glob-parent@https://registry.npmjs.org/glob-parent/-/glob-parent-5.1.2.tgz. Extracting by manifest.
357 silly tarball no local data for cookie@https://registry.npmjs.org/cookie/-/cookie-0.7.2.tgz. Extracting by manifest.
358 silly tarball no local data for cookie-signature@https://registry.npmjs.org/cookie-signature/-/cookie-signature-1.2.2.tgz. Extracting by manifest.
359 silly tarball no local data for content-type@https://registry.npmjs.org/content-type/-/content-type-1.0.5.tgz. Extracting by manifest.
360 silly tarball no local data for combined-stream@https://registry.npmjs.org/combined-stream/-/combined-stream-1.0.8.tgz. Extracting by manifest.
361 silly tarball no local data for content-disposition@https://registry.npmjs.org/content-disposition/-/content-disposition-1.0.1.tgz. Extracting by manifest.
362 silly tarball no local data for chokidar@https://registry.npmjs.org/chokidar/-/chokidar-3.6.0.tgz. Extracting by manifest.
363 silly tarball no local data for call-bound@https://registry.npmjs.org/call-bound/-/call-bound-1.0.4.tgz. Extracting by manifest.
364 silly tarball no local data for call-bind-apply-helpers@https://registry.npmjs.org/call-bind-apply-helpers/-/call-bind-apply-helpers-1.0.2.tgz. Extracting by manifest.
365 silly tarball no local data for bson@https://registry.npmjs.org/bson/-/bson-7.2.0.tgz. Extracting by manifest.
366 silly tarball no local data for bytes@https://registry.npmjs.org/bytes/-/bytes-3.1.2.tgz. Extracting by manifest.
367 silly tarball no local data for braces@https://registry.npmjs.org/braces/-/braces-3.0.3.tgz. Extracting by manifest.
368 silly tarball no local data for body-parser@https://registry.npmjs.org/body-parser/-/body-parser-2.2.2.tgz. Extracting by manifest.
369 silly tarball no local data for binary-extensions@https://registry.npmjs.org/binary-extensions/-/binary-extensions-2.3.0.tgz. Extracting by manifest.
370 silly tarball no local data for axios@https://registry.npmjs.org/axios/-/axios-1.14.0.tgz. Extracting by manifest.
371 silly tarball no local data for supports-color@https://registry.npmjs.org/supports-color/-/supports-color-5.5.0.tgz. Extracting by manifest.
372 silly tarball no local data for minimatch@https://registry.npmjs.org/minimatch/-/minimatch-10.2.5.tgz. Extracting by manifest.
373 silly tarball no local data for has-flag@https://registry.npmjs.org/has-flag/-/has-flag-3.0.0.tgz. Extracting by manifest.
374 silly tarball no local data for inherits@https://registry.npmjs.org/inherits/-/inherits-2.0.4.tgz. Extracting by manifest.
375 silly tarball no local data for anymatch@https://registry.npmjs.org/anymatch/-/anymatch-3.1.3.tgz. Extracting by manifest.
376 silly tarball no local data for accepts@https://registry.npmjs.org/accepts/-/accepts-2.0.0.tgz. Extracting by manifest.
377 silly tarball no local data for brace-expansion@https://registry.npmjs.org/brace-expansion/-/brace-expansion-5.0.5.tgz. Extracting by manifest.
378 silly tarball no local data for mime-types@https://registry.npmjs.org/mime-types/-/mime-types-2.1.35.tgz. Extracting by manifest.
379 silly tarball no local data for asynckit@https://registry.npmjs.org/asynckit/-/asynckit-0.4.0.tgz. Extracting by manifest.
380 silly tarball no local data for mime-db@https://registry.npmjs.org/mime-db/-/mime-db-1.52.0.tgz. Extracting by manifest.
381 silly tarball no local data for balanced-match@https://registry.npmjs.org/balanced-match/-/balanced-match-4.0.4.tgz. Extracting by manifest.
382 http fetch POST 200 https://registry.npmjs.org/-/npm/v1/security/advisories/bulk 811ms
383 silly audit report {
383 silly audit report   'path-to-regexp': [
383 silly audit report     {
383 silly audit report       id: 1115573,
383 silly audit report       url: 'https://github.com/advisories/GHSA-j3q9-mxjg-w52f',
383 silly audit report       title: 'path-to-regexp vulnerable to Denial of Service via sequential optional groups',
383 silly audit report       severity: 'high',
383 silly audit report       vulnerable_versions: '>=8.0.0 <8.4.0',
383 silly audit report       cwe: [Array],
383 silly audit report       cvss: [Object]
383 silly audit report     },
383 silly audit report     {
383 silly audit report       id: 1115582,
383 silly audit report       url: 'https://github.com/advisories/GHSA-27v5-c462-wpq7',
383 silly audit report       title: 'path-to-regexp vulnerable to Regular Expression Denial of Service via multiple wildcards',
383 silly audit report       severity: 'moderate',
383 silly audit report       vulnerable_versions: '>=8.0.0 <8.4.0',
383 silly audit report       cwe: [Array],
383 silly audit report       cvss: [Object]
383 silly audit report     }
383 silly audit report   ]
383 silly audit report }
384 silly packumentCache corgi:https://registry.npmjs.org/path-to-regexp cache-miss
385 http fetch GET 200 https://registry.npmjs.org/range-parser/-/range-parser-1.2.1.tgz 1152ms (cache miss)
386 http fetch GET 200 https://registry.npmjs.org/readdirp/-/readdirp-3.6.0.tgz 1180ms (cache miss)
387 http fetch GET 200 https://registry.npmjs.org/wrappy/-/wrappy-1.0.2.tgz 1257ms (cache miss)
388 http fetch GET 200 https://registry.npmjs.org/touch/-/touch-3.1.1.tgz 1253ms (cache miss)
389 http fetch GET 200 https://registry.npmjs.org/vary/-/vary-1.1.2.tgz 1316ms (cache miss)
390 http fetch GET 200 https://registry.npmjs.org/toidentifier/-/toidentifier-1.0.1.tgz 1315ms (cache miss)
391 http fetch GET 200 https://registry.npmjs.org/unpipe/-/unpipe-1.0.0.tgz 1317ms (cache miss)
392 http fetch GET 200 https://registry.npmjs.org/once/-/once-1.4.0.tgz 1312ms (cache miss)
393 http fetch GET 200 https://registry.npmjs.org/parseurl/-/parseurl-1.3.3.tgz 1315ms (cache miss)
394 http fetch GET 200 https://registry.npmjs.org/setprototypeof/-/setprototypeof-1.2.0.tgz 1348ms (cache miss)
395 http fetch GET 200 https://registry.npmjs.org/on-finished/-/on-finished-2.4.1.tgz 1374ms (cache miss)
396 http fetch GET 200 https://registry.npmjs.org/ms/-/ms-2.1.3.tgz 1377ms (cache miss)
397 http fetch GET 200 https://registry.npmjs.org/sparse-bitfield/-/sparse-bitfield-3.0.3.tgz 1892ms (cache miss)
398 http fetch GET 200 https://registry.npmjs.org/object-assign/-/object-assign-4.1.1.tgz 1912ms (cache miss)
399 http fetch GET 200 https://registry.npmjs.org/memory-pager/-/memory-pager-1.5.0.tgz 2019ms (cache miss)
400 http fetch GET 200 https://registry.npmjs.org/merge-descriptors/-/merge-descriptors-2.0.0.tgz 2019ms (cache miss)
401 http fetch GET 200 https://registry.npmjs.org/is-binary-path/-/is-binary-path-2.1.0.tgz 2018ms (cache miss)
402 http fetch GET 200 https://registry.npmjs.org/ignore-by-default/-/ignore-by-default-1.0.1.tgz 2024ms (cache miss)
403 http fetch GET 200 https://registry.npmjs.org/punycode/-/punycode-2.3.1.tgz 2089ms (cache miss)
404 http fetch GET 200 https://registry.npmjs.org/normalize-path/-/normalize-path-3.0.0.tgz 2086ms (cache miss)
405 http fetch GET 200 https://registry.npmjs.org/is-extglob/-/is-extglob-2.1.1.tgz 2116ms (cache miss)
406 http fetch GET 200 https://registry.npmjs.org/@types/webidl-conversions/-/webidl-conversions-7.0.3.tgz 2153ms (cache miss)
407 http fetch GET 200 https://registry.npmjs.org/webidl-conversions/-/webidl-conversions-7.0.0.tgz 2229ms (cache miss)
408 http fetch GET 200 https://registry.npmjs.org/media-typer/-/media-typer-1.1.0.tgz 2211ms (cache miss)
409 http fetch GET 200 https://registry.npmjs.org/is-number/-/is-number-7.0.0.tgz 2210ms (cache miss)
410 http fetch GET 200 https://registry.npmjs.org/fill-range/-/fill-range-7.1.1.tgz 2206ms (cache miss)
411 http fetch GET 200 https://registry.npmjs.org/to-regex-range/-/to-regex-range-5.0.1.tgz 2276ms (cache miss)
412 http fetch GET 200 https://registry.npmjs.org/escape-html/-/escape-html-1.0.3.tgz 2269ms (cache miss)
413 http fetch GET 200 https://registry.npmjs.org/serve-static/-/serve-static-2.2.1.tgz 2331ms (cache miss)
414 http fetch GET 200 https://registry.npmjs.org/type-is/-/type-is-2.0.1.tgz 2339ms (cache miss)
415 http fetch GET 200 https://registry.npmjs.org/is-promise/-/is-promise-4.0.0.tgz 2314ms (cache miss)
416 http fetch GET 200 https://registry.npmjs.org/is-glob/-/is-glob-4.0.3.tgz 2316ms (cache miss)
417 http fetch GET 200 https://registry.npmjs.org/fresh/-/fresh-2.0.0.tgz 2368ms (cache miss)
418 http fetch GET 200 https://registry.npmjs.org/etag/-/etag-1.8.1.tgz 2367ms (cache miss)
419 http fetch GET 200 https://registry.npmjs.org/ee-first/-/ee-first-1.1.1.tgz 2365ms (cache miss)
420 http fetch GET 200 https://registry.npmjs.org/encodeurl/-/encodeurl-2.0.0.tgz 2366ms (cache miss)
421 http fetch GET 200 https://registry.npmjs.org/depd/-/depd-2.0.0.tgz 2397ms (cache miss)
422 http fetch GET 200 https://registry.npmjs.org/delayed-stream/-/delayed-stream-1.0.0.tgz 2396ms (cache miss)
423 http fetch GET 200 https://registry.npmjs.org/mime-types/-/mime-types-2.1.35.tgz 2393ms (cache miss)
424 http fetch GET 200 https://registry.npmjs.org/call-bind-apply-helpers/-/call-bind-apply-helpers-1.0.2.tgz 2404ms (cache miss)
425 http fetch GET 200 https://registry.npmjs.org/statuses/-/statuses-2.0.2.tgz 2461ms (cache miss)
426 http fetch GET 200 https://registry.npmjs.org/cookie-signature/-/cookie-signature-1.2.2.tgz 2443ms (cache miss)
427 http fetch GET 200 https://registry.npmjs.org/raw-body/-/raw-body-3.0.2.tgz 2517ms (cache miss)
428 http fetch GET 200 https://registry.npmjs.org/ipaddr.js/-/ipaddr.js-1.9.1.tgz 2498ms (cache miss)
429 http fetch GET 200 https://registry.npmjs.org/forwarded/-/forwarded-0.2.0.tgz 2495ms (cache miss)
430 http fetch GET 200 https://registry.npmjs.org/cors/-/cors-2.8.6.tgz 2497ms (cache miss)
431 http fetch GET 200 https://registry.npmjs.org/content-type/-/content-type-1.0.5.tgz 2497ms (cache miss)
432 http fetch GET 200 https://registry.npmjs.org/content-disposition/-/content-disposition-1.0.1.tgz 2497ms (cache miss)
433 http fetch GET 200 https://registry.npmjs.org/inherits/-/inherits-2.0.4.tgz 2506ms (cache miss)
434 http fetch GET 200 https://registry.npmjs.org/send/-/send-1.2.1.tgz 2564ms (cache miss)
435 http fetch GET 200 https://registry.npmjs.org/cookie/-/cookie-0.7.2.tgz 2549ms (cache miss)
436 http fetch GET 200 https://registry.npmjs.org/bytes/-/bytes-3.1.2.tgz 2549ms (cache miss)
437 http fetch GET 200 https://registry.npmjs.org/has-flag/-/has-flag-3.0.0.tgz 2557ms (cache miss)
438 http fetch GET 200 https://registry.npmjs.org/proxy-addr/-/proxy-addr-2.0.7.tgz 2607ms (cache miss)
439 http fetch GET 200 https://registry.npmjs.org/proxy-from-env/-/proxy-from-env-2.1.0.tgz 2615ms (cache miss)
440 http fetch GET 200 https://registry.npmjs.org/glob-parent/-/glob-parent-5.1.2.tgz 2584ms (cache miss)
441 http fetch GET 200 https://registry.npmjs.org/supports-color/-/supports-color-5.5.0.tgz 2589ms (cache miss)
442 http fetch GET 200 https://registry.npmjs.org/undefsafe/-/undefsafe-2.0.5.tgz 2650ms (cache miss)
443 http fetch GET 200 https://registry.npmjs.org/safer-buffer/-/safer-buffer-2.1.2.tgz 2647ms (cache miss)
444 http fetch GET 200 https://registry.npmjs.org/follow-redirects/-/follow-redirects-1.15.11.tgz 2629ms (cache miss)
445 http fetch GET 200 https://registry.npmjs.org/combined-stream/-/combined-stream-1.0.8.tgz 2631ms (cache miss)
446 http fetch GET 200 https://registry.npmjs.org/anymatch/-/anymatch-3.1.3.tgz 2627ms (cache miss)
447 http fetch GET 200 https://registry.npmjs.org/debug/-/debug-4.4.3.tgz 2818ms (cache miss)
448 http fetch GET 200 https://registry.npmjs.org/path-to-regexp 2191ms (cache miss)
449 silly packumentCache corgi:https://registry.npmjs.org/path-to-regexp set size:undefined disposed:false
450 http fetch GET 200 https://registry.npmjs.org/finalhandler/-/finalhandler-2.1.1.tgz 2856ms (cache miss)
451 http fetch GET 200 https://registry.npmjs.org/binary-extensions/-/binary-extensions-2.3.0.tgz 2854ms (cache miss)
452 http fetch GET 200 https://registry.npmjs.org/mime-types/-/mime-types-3.0.2.tgz 2886ms (cache miss)
453 http fetch GET 200 https://registry.npmjs.org/http-errors/-/http-errors-2.0.1.tgz 2887ms (cache miss)
454 http fetch GET 200 https://registry.npmjs.org/side-channel-map/-/side-channel-map-1.0.1.tgz 2955ms (cache miss)
455 http fetch GET 200 https://registry.npmjs.org/path-to-regexp/-/path-to-regexp-8.3.0.tgz 2951ms (cache miss)
456 http fetch GET 200 https://registry.npmjs.org/accepts/-/accepts-2.0.0.tgz 2917ms (cache miss)
457 http fetch GET 200 https://registry.npmjs.org/side-channel-weakmap/-/side-channel-weakmap-1.0.2.tgz 2977ms (cache miss)
458 http fetch GET 200 https://registry.npmjs.org/mongodb-connection-string-url/-/mongodb-connection-string-url-7.0.1.tgz 2957ms (cache miss)
459 http fetch GET 200 https://registry.npmjs.org/mime-db/-/mime-db-1.54.0.tgz 2962ms (cache miss)
460 http fetch GET 200 https://registry.npmjs.org/hasown/-/hasown-2.0.2.tgz 2991ms (cache miss)
461 http fetch GET 200 https://registry.npmjs.org/side-channel/-/side-channel-1.1.0.tgz 3032ms (cache miss)
462 http fetch GET 200 https://registry.npmjs.org/router/-/router-2.2.0.tgz 3029ms (cache miss)
463 http fetch GET 200 https://registry.npmjs.org/pstree.remy/-/pstree.remy-1.1.8.tgz 3050ms (cache miss)
464 http fetch GET 200 https://registry.npmjs.org/es-set-tostringtag/-/es-set-tostringtag-2.1.0.tgz 3019ms (cache miss)
465 http fetch GET 200 https://registry.npmjs.org/@types/whatwg-url/-/whatwg-url-13.0.0.tgz 3073ms (cache miss)
466 http fetch GET 200 https://registry.npmjs.org/side-channel-list/-/side-channel-list-1.0.0.tgz 3075ms (cache miss)
467 http fetch GET 200 https://registry.npmjs.org/get-intrinsic/-/get-intrinsic-1.3.0.tgz 3047ms (cache miss)
468 http fetch GET 200 https://registry.npmjs.org/negotiator/-/negotiator-1.0.0.tgz 3100ms (cache miss)
469 http fetch GET 200 https://registry.npmjs.org/picomatch/-/picomatch-2.3.2.tgz 3120ms (cache miss)
470 http fetch GET 200 https://registry.npmjs.org/es-define-property/-/es-define-property-1.0.1.tgz 3094ms (cache miss)
471 http fetch GET 200 https://registry.npmjs.org/express/-/express-5.2.1.tgz 3099ms (cache miss)
472 http fetch GET 200 https://registry.npmjs.org/braces/-/braces-3.0.3.tgz 3120ms (cache miss)
473 http fetch GET 200 https://registry.npmjs.org/mpath/-/mpath-0.9.0.tgz 3162ms (cache miss)
474 http fetch GET 200 https://registry.npmjs.org/mime-db/-/mime-db-1.52.0.tgz 3191ms (cache miss)
475 http fetch GET 200 https://registry.npmjs.org/gopd/-/gopd-1.2.0.tgz 3238ms (cache miss)
476 http fetch GET 200 https://registry.npmjs.org/chokidar/-/chokidar-3.6.0.tgz 3239ms (cache miss)
477 http fetch GET 200 https://registry.npmjs.org/function-bind/-/function-bind-1.1.2.tgz 3260ms (cache miss)
478 http fetch GET 200 https://registry.npmjs.org/form-data/-/form-data-4.0.5.tgz 3297ms (cache miss)
479 silly packumentCache corgi:https://registry.npmjs.org/router cache-miss
480 http fetch GET 200 https://registry.npmjs.org/body-parser/-/body-parser-2.2.2.tgz 3292ms (cache miss)
481 http fetch GET 200 https://registry.npmjs.org/simple-update-notifier/-/simple-update-notifier-2.0.0.tgz 3358ms (cache miss)
482 http fetch GET 200 https://registry.npmjs.org/call-bound/-/call-bound-1.0.4.tgz 3374ms (cache miss)
483 http fetch GET 200 https://registry.npmjs.org/tr46/-/tr46-5.1.1.tgz 3445ms (cache miss)
484 http fetch GET 200 https://registry.npmjs.org/get-proto/-/get-proto-1.0.1.tgz 3420ms (cache miss)
485 http fetch GET 200 https://registry.npmjs.org/balanced-match/-/balanced-match-4.0.4.tgz 3379ms (cache miss)
486 http fetch GET 200 https://registry.npmjs.org/dunder-proto/-/dunder-proto-1.0.1.tgz 3446ms (cache miss)
487 http fetch GET 200 https://registry.npmjs.org/es-object-atoms/-/es-object-atoms-1.1.1.tgz 3468ms (cache miss)
488 http fetch GET 200 https://registry.npmjs.org/has-tostringtag/-/has-tostringtag-1.0.2.tgz 3488ms (cache miss)
489 http fetch GET 200 https://registry.npmjs.org/brace-expansion/-/brace-expansion-5.0.5.tgz 3491ms (cache miss)
490 http fetch GET 200 https://registry.npmjs.org/has-symbols/-/has-symbols-1.1.0.tgz 3517ms (cache miss)
491 http fetch GET 200 https://registry.npmjs.org/dotenv/-/dotenv-17.4.1.tgz 3526ms (cache miss)
492 http fetch GET 200 https://registry.npmjs.org/whatwg-url/-/whatwg-url-14.2.0.tgz 3645ms (cache miss)
493 http fetch GET 200 https://registry.npmjs.org/mquery/-/mquery-6.0.0.tgz 3638ms (cache miss)
494 http fetch GET 200 https://registry.npmjs.org/asynckit/-/asynckit-0.4.0.tgz 3648ms (cache miss)
495 http fetch GET 200 https://registry.npmjs.org/es-errors/-/es-errors-1.3.0.tgz 3697ms (cache miss)
496 http fetch GET 200 https://registry.npmjs.org/kareem/-/kareem-3.2.0.tgz 3761ms (cache miss)
497 http fetch GET 200 https://registry.npmjs.org/qs/-/qs-6.15.0.tgz 3848ms (cache miss)
498 http fetch GET 200 https://registry.npmjs.org/sift/-/sift-17.1.3.tgz 4039ms (cache miss)
499 http fetch GET 200 https://registry.npmjs.org/iconv-lite/-/iconv-lite-0.7.2.tgz 4057ms (cache miss)
500 http fetch GET 200 https://registry.npmjs.org/object-inspect/-/object-inspect-1.13.4.tgz 4084ms (cache miss)
501 http fetch GET 200 https://registry.npmjs.org/math-intrinsics/-/math-intrinsics-1.1.0.tgz 4075ms (cache miss)
502 http fetch GET 200 https://registry.npmjs.org/router 1100ms (cache miss)
503 silly packumentCache corgi:https://registry.npmjs.org/router set size:undefined disposed:false
504 http fetch GET 200 https://registry.npmjs.org/@mongodb-js/saslprep/-/saslprep-1.4.6.tgz 4507ms (cache miss)
505 http fetch GET 200 https://registry.npmjs.org/nodemon/-/nodemon-3.1.14.tgz 4511ms (cache miss)
506 http fetch GET 200 https://registry.npmjs.org/semver/-/semver-7.7.4.tgz 4570ms (cache miss)
507 http fetch GET 200 https://registry.npmjs.org/minimatch/-/minimatch-10.2.5.tgz 4609ms (cache miss)
508 http fetch GET 200 https://registry.npmjs.org/razorpay/-/razorpay-2.9.6.tgz 4704ms (cache miss)
509 http fetch GET 200 https://registry.npmjs.org/bson/-/bson-7.2.0.tgz 4804ms (cache miss)
510 http fetch GET 200 https://registry.npmjs.org/axios/-/axios-1.14.0.tgz 5422ms (cache miss)
511 http fetch GET 200 https://registry.npmjs.org/mongoose/-/mongoose-9.3.1.tgz 7437ms (cache miss)
512 http fetch GET 200 https://registry.npmjs.org/mongodb/-/mongodb-7.1.0.tgz 8742ms (cache miss)
513 silly CHANGE node_modules/@types/whatwg-url
514 silly CHANGE node_modules/@types/webidl-conversions
515 silly CHANGE node_modules/@mongodb-js/saslprep
516 silly CHANGE node_modules/wrappy
517 silly CHANGE node_modules/whatwg-url
518 silly CHANGE node_modules/webidl-conversions
519 silly CHANGE node_modules/vary
520 silly CHANGE node_modules/unpipe
521 silly CHANGE node_modules/undefsafe
522 silly CHANGE node_modules/type-is
523 silly CHANGE node_modules/tr46
524 silly CHANGE node_modules/touch
525 silly CHANGE node_modules/toidentifier
526 silly CHANGE node_modules/to-regex-range
527 silly CHANGE node_modules/statuses
528 silly CHANGE node_modules/sparse-bitfield
529 silly CHANGE node_modules/simple-update-notifier
530 silly CHANGE node_modules/sift
531 silly CHANGE node_modules/side-channel-weakmap
532 silly CHANGE node_modules/side-channel-map
533 silly CHANGE node_modules/side-channel-list
534 silly CHANGE node_modules/side-channel
535 silly CHANGE node_modules/setprototypeof
536 silly CHANGE node_modules/serve-static
537 silly CHANGE node_modules/send
538 silly CHANGE node_modules/semver
539 silly CHANGE node_modules/safer-buffer
540 silly CHANGE node_modules/router
541 silly CHANGE node_modules/readdirp
542 silly CHANGE node_modules/razorpay
543 silly CHANGE node_modules/raw-body
544 silly CHANGE node_modules/range-parser
545 silly CHANGE node_modules/qs
546 silly CHANGE node_modules/punycode
547 silly CHANGE node_modules/pstree.remy
548 silly CHANGE node_modules/proxy-from-env
549 silly CHANGE node_modules/proxy-addr
550 silly CHANGE node_modules/picomatch
551 silly CHANGE node_modules/path-to-regexp
552 silly CHANGE node_modules/parseurl
553 silly CHANGE node_modules/once
554 silly CHANGE node_modules/on-finished
555 silly CHANGE node_modules/object-inspect
556 silly CHANGE node_modules/object-assign
557 silly CHANGE node_modules/normalize-path
558 silly CHANGE node_modules/nodemon
559 silly CHANGE node_modules/nodemon/node_modules/supports-color
560 silly CHANGE node_modules/nodemon/node_modules/minimatch
561 silly CHANGE node_modules/nodemon/node_modules/has-flag
562 silly CHANGE node_modules/nodemon/node_modules/brace-expansion
563 silly CHANGE node_modules/nodemon/node_modules/balanced-match
564 silly CHANGE node_modules/negotiator
565 silly CHANGE node_modules/ms
566 silly CHANGE node_modules/mquery
567 silly CHANGE node_modules/mpath
568 silly CHANGE node_modules/mongoose
569 silly CHANGE node_modules/mongodb-connection-string-url
570 silly CHANGE node_modules/mongodb
571 silly CHANGE node_modules/mime-types
572 silly CHANGE node_modules/mime-db
573 silly CHANGE node_modules/merge-descriptors
574 silly CHANGE node_modules/memory-pager
575 silly CHANGE node_modules/media-typer
576 silly CHANGE node_modules/math-intrinsics
577 silly CHANGE node_modules/kareem
578 silly CHANGE node_modules/is-promise
579 silly CHANGE node_modules/is-number
580 silly CHANGE node_modules/is-glob
581 silly CHANGE node_modules/is-extglob
582 silly CHANGE node_modules/is-binary-path
583 silly CHANGE node_modules/ipaddr.js
584 silly CHANGE node_modules/inherits
585 silly CHANGE node_modules/ignore-by-default
586 silly CHANGE node_modules/iconv-lite
587 silly CHANGE node_modules/http-errors
588 silly CHANGE node_modules/hasown
589 silly CHANGE node_modules/has-tostringtag
590 silly CHANGE node_modules/has-symbols
591 silly CHANGE node_modules/gopd
592 silly CHANGE node_modules/glob-parent
593 silly CHANGE node_modules/get-proto
594 silly CHANGE node_modules/get-intrinsic
595 silly CHANGE node_modules/function-bind
596 silly CHANGE node_modules/fsevents
597 silly CHANGE node_modules/fresh
598 silly CHANGE node_modules/forwarded
599 silly CHANGE node_modules/form-data
600 silly CHANGE node_modules/form-data/node_modules/mime-types
601 silly CHANGE node_modules/form-data/node_modules/mime-db
602 silly CHANGE node_modules/follow-redirects
603 silly CHANGE node_modules/finalhandler
604 silly CHANGE node_modules/fill-range
605 silly CHANGE node_modules/express
606 silly CHANGE node_modules/etag
607 silly CHANGE node_modules/escape-html
608 silly CHANGE node_modules/es-set-tostringtag
609 silly CHANGE node_modules/es-object-atoms
610 silly CHANGE node_modules/es-errors
611 silly CHANGE node_modules/es-define-property
612 silly CHANGE node_modules/encodeurl
613 silly CHANGE node_modules/ee-first
614 silly CHANGE node_modules/dunder-proto
615 silly CHANGE node_modules/dotenv
616 silly CHANGE node_modules/depd
617 silly CHANGE node_modules/delayed-stream
618 silly CHANGE node_modules/debug
619 silly CHANGE node_modules/cors
620 silly CHANGE node_modules/cookie-signature
621 silly CHANGE node_modules/cookie
622 silly CHANGE node_modules/content-type
623 silly CHANGE node_modules/content-disposition
624 silly CHANGE node_modules/combined-stream
625 silly CHANGE node_modules/chokidar
626 silly CHANGE node_modules/call-bound
627 silly CHANGE node_modules/call-bind-apply-helpers
628 silly CHANGE node_modules/bytes
629 silly CHANGE node_modules/bson
630 silly CHANGE node_modules/braces
631 silly CHANGE node_modules/body-parser
632 silly CHANGE node_modules/binary-extensions
633 silly CHANGE node_modules/axios
634 silly CHANGE node_modules/asynckit
635 silly CHANGE node_modules/anymatch
636 silly CHANGE node_modules/accepts
637 verbose cwd E:\smartparkingcopy\backend
638 verbose os Windows_NT 10.0.26200
639 verbose node v22.12.0
640 verbose npm  v10.9.2
641 verbose exit 0
642 info ok
